
> erp-app@0.1.0 build
> prisma generate && next build

Environment variables loaded from .env
Prisma schema loaded from prisma\schema.prisma

ظ£¤ Generated Prisma Client (v5.10.2) to .\node_modules\@prisma\client in 465ms

Start using Prisma Client in Node.js (See: https://pris.ly/d/client)
```
import { PrismaClient } from '@prisma/client'
const prisma = new PrismaClient()
```
or start using Prisma Client at the edge (See: https://pris.ly/d/accelerate)
```
import { PrismaClient } from '@prisma/client/edge'
const prisma = new PrismaClient()
```

See other ways of importing Prisma Client: http://pris.ly/d/importing-client

ظ¤îظ¤ظ¤ظ¤ظ¤ظ¤ظ¤ظ¤ظ¤ظ¤ظ¤ظ¤ظ¤ظ¤ظ¤ظ¤ظ¤ظ¤ظ¤ظ¤ظ¤ظ¤ظ¤ظ¤ظ¤ظ¤ظ¤ظ¤ظ¤ظ¤ظ¤ظ¤ظ¤ظ¤ظ¤ظ¤ظ¤ظ¤ظ¤ظ¤ظ¤ظ¤ظ¤ظ¤ظ¤ظ¤ظ¤ظ¤ظ¤ظ¤ظ¤ظ¤ظ¤ظ¤ظ¤ظ¤ظ¤ظ¤ظ¤ظ¤ظ¤ظ¤ظ¤
ظ¤é  Deploying your app to serverless or edge functions?        ظ¤é
ظ¤é  Try Prisma Accelerate for connection pooling and caching.  ظ¤é
ظ¤é  https://pris.ly/cli/accelerate                             ظ¤é
ظ¤¤ظ¤ظ¤ظ¤ظ¤ظ¤ظ¤ظ¤ظ¤ظ¤ظ¤ظ¤ظ¤ظ¤ظ¤ظ¤ظ¤ظ¤ظ¤ظ¤ظ¤ظ¤ظ¤ظ¤ظ¤ظ¤ظ¤ظ¤ظ¤ظ¤ظ¤ظ¤ظ¤ظ¤ظ¤ظ¤ظ¤ظ¤ظ¤ظ¤ظ¤ظ¤ظ¤ظ¤ظ¤ظ¤ظ¤ظ¤ظ¤ظ¤ظ¤ظ¤ظ¤ظ¤ظ¤ظ¤ظ¤ظ¤ظ¤ظ¤ظ¤ظ¤ظ¤ء

ظû▓ Next.js 16.1.6 (Turbopack)
- Environments: .env

node.exe : ظأب The "middleware" file convention is deprecated. Please use "proxy" instead. Learn more: 
https://nextjs.org/docs/messages/middleware-to-proxy
At line:1 char:1
+ & "C:\Program Files\nodejs/node.exe" "C:\Program Files\nodejs/node_mo ...
+ ~~~~~~~~~~~~~~~~~~~~~~~~~~~~~~~~~~~~~~~~~~~~~~~~~~~~~~~~~~~~~~~~~~~~~
    + CategoryInfo          : NotSpecified: (ظأب The "middle...leware-to-proxy:String) [], RemoteException
    + FullyQualifiedErrorId : NativeCommandError
 
  Creating an optimized production build ...

> Build error occurred
Error: Turbopack build failed with 86 errors:
./src/app/customers/page.tsx:2:1
Ecmascript file had an error
[0m [90m 1 |[39m [36mimport[39m { [33mCurrency[39m } [36mfrom[39m [32m'@/components/Currency'[39m[33m;[39m
[31m[1m>[22m[39m[90m 2 |[39m [32m'use client'[39m[33m;[39m
 [90m   |[39m [31m[1m^[22m[39m[31m[1m^[22m[39m[31m[1m^[22m[39m[31m[1m^[22m[39m[31m[1m^[22m[39m[3
1m[1m^[22m[39m[31m[1m^[22m[39m[31m[1m^[22m[39m[31m[1m^[22m[39m[31m[1m^[22m[39m[31m[1m^[22m[39m[
31m[1m^[22m[39m[31m[1m^[22m[39m
 [90m 3 |[39m
 [90m 4 |[39m [36mimport[39m [33mReact[39m[33m,[39m { useState[33m,[39m useEffect[33m,[39m useCallback } 
[36mfrom[39m [32m'react'[39m[33m;[39m
 [90m 5 |[39m [36mimport[39m { useTranslation } [36mfrom[39m [32m'@/lib/i18n'[39m[33m;[39m[0m

The "use client" directive must be placed before other expressions. Move it to the top of the file to resolve this 
issue.


./src/app/customers/page.tsx:4:27
Ecmascript file had an error
[0m [90m 2 |[39m [32m'use client'[39m[33m;[39m
 [90m 3 |[39m
[31m[1m>[22m[39m[90m 4 |[39m [36mimport[39m [33mReact[39m[33m,[39m { useState[33m,[39m 
useEffect[33m,[39m useCallback } [36mfrom[39m [32m'react'[39m[33m;[39m
 [90m   |[39m                           [31m[1m^[22m[39m[31m[1m^[22m[39m[31m[1m^[22m[39m[31m[1m^[22m[
39m[31m[1m^[22m[39m[31m[1m^[22m[39m[31m[1m^[22m[39m[31m[1m^[22m[39m[31m[1m^[22m[39m
 [90m 5 |[39m [36mimport[39m { useTranslation } [36mfrom[39m [32m'@/lib/i18n'[39m[33m;[39m
 [90m 6 |[39m [36mimport[39m [33mDashboardLayout[39m [36mfrom[39m 
[32m'@/components/DashboardLayout'[39m[33m;[39m
 [90m 7 |[39m [36mimport[39m {[0m

You're importing a component that needs `useEffect`. This React Hook only works in a Client Component. To fix, mark 
the file (or its parent) with the `"use client"` directive.

 Learn more: https://nextjs.org/docs/app/api-reference/directives/use-client




./src/app/customers/page.tsx:4:17
Ecmascript file had an error
[0m [90m 2 |[39m [32m'use client'[39m[33m;[39m
 [90m 3 |[39m
[31m[1m>[22m[39m[90m 4 |[39m [36mimport[39m [33mReact[39m[33m,[39m { useState[33m,[39m 
useEffect[33m,[39m useCallback } [36mfrom[39m [32m'react'[39m[33m;[39m
 [90m   |[39m                 [31m[1m^[22m[39m[31m[1m^[22m[39m[31m[1m^[22m[39m[31m[1m^[22m[39m[31m[
1m^[22m[39m[31m[1m^[22m[39m[31m[1m^[22m[39m[31m[1m^[22m[39m
 [90m 5 |[39m [36mimport[39m { useTranslation } [36mfrom[39m [32m'@/lib/i18n'[39m[33m;[39m
 [90m 6 |[39m [36mimport[39m [33mDashboardLayout[39m [36mfrom[39m 
[32m'@/components/DashboardLayout'[39m[33m;[39m
 [90m 7 |[39m [36mimport[39m {[0m

You're importing a component that needs `useState`. This React Hook only works in a Client Component. To fix, mark the 
file (or its parent) with the `"use client"` directive.

 Learn more: https://nextjs.org/docs/app/api-reference/directives/use-client




./src/app/payments/page.tsx:2:1
Ecmascript file had an error
[0m [90m 1 |[39m [36mimport[39m { [33mCurrency[39m } [36mfrom[39m [32m'@/components/Currency'[39m[33m;[39m
[31m[1m>[22m[39m[90m 2 |[39m [32m'use client'[39m[33m;[39m
 [90m   |[39m [31m[1m^[22m[39m[31m[1m^[22m[39m[31m[1m^[22m[39m[31m[1m^[22m[39m[31m[1m^[22m[39m[3
1m[1m^[22m[39m[31m[1m^[22m[39m[31m[1m^[22m[39m[31m[1m^[22m[39m[31m[1m^[22m[39m[31m[1m^[22m[39m[
31m[1m^[22m[39m[31m[1m^[22m[39m
 [90m 3 |[39m [36mimport[39m [33mReact[39m[33m,[39m { useState[33m,[39m useEffect[33m,[39m 
useCallback[33m,[39m useRef } [36mfrom[39m [32m'react'[39m[33m;[39m
 [90m 4 |[39m [36mimport[39m { useTranslation } [36mfrom[39m [32m'@/lib/i18n'[39m[33m;[39m
 [90m 5 |[39m [36mimport[39m [33mDashboardLayout[39m [36mfrom[39m 
[32m'@/components/DashboardLayout'[39m[33m;[39m[0m

The "use client" directive must be placed before other expressions. Move it to the top of the file to resolve this 
issue.


./src/app/payments/page.tsx:3:27
Ecmascript file had an error
[0m [90m 1 |[39m [36mimport[39m { [33mCurrency[39m } [36mfrom[39m [32m'@/components/Currency'[39m[33m;[39m
 [90m 2 |[39m [32m'use client'[39m[33m;[39m
[31m[1m>[22m[39m[90m 3 |[39m [36mimport[39m [33mReact[39m[33m,[39m { useState[33m,[39m 
useEffect[33m,[39m useCallback[33m,[39m useRef } [36mfrom[39m [32m'react'[39m[33m;[39m
 [90m   |[39m                           [31m[1m^[22m[39m[31m[1m^[22m[39m[31m[1m^[22m[39m[31m[1m^[22m[
39m[31m[1m^[22m[39m[31m[1m^[22m[39m[31m[1m^[22m[39m[31m[1m^[22m[39m[31m[1m^[22m[39m
 [90m 4 |[39m [36mimport[39m { useTranslation } [36mfrom[39m [32m'@/lib/i18n'[39m[33m;[39m
 [90m 5 |[39m [36mimport[39m [33mDashboardLayout[39m [36mfrom[39m 
[32m'@/components/DashboardLayout'[39m[33m;[39m
 [90m 6 |[39m [36mimport[39m { useRouter } [36mfrom[39m [32m'next/navigation'[39m[33m;[39m[0m

You're importing a component that needs `useEffect`. This React Hook only works in a Client Component. To fix, mark 
the file (or its parent) with the `"use client"` directive.

 Learn more: https://nextjs.org/docs/app/api-reference/directives/use-client




./src/app/payments/page.tsx:3:51
Ecmascript file had an error
[0m [90m 1 |[39m [36mimport[39m { [33mCurrency[39m } [36mfrom[39m [32m'@/components/Currency'[39m[33m;[39m
 [90m 2 |[39m [32m'use client'[39m[33m;[39m
[31m[1m>[22m[39m[90m 3 |[39m [36mimport[39m [33mReact[39m[33m,[39m { useState[33m,[39m 
useEffect[33m,[39m useCallback[33m,[39m useRef } [36mfrom[39m [32m'react'[39m[33m;[39m
 [90m   |[39m                                                   [31m[1m^[22m[39m[31m[1m^[22m[39m[31m[1m^[2
2m[39m[31m[1m^[22m[39m[31m[1m^[22m[39m[31m[1m^[22m[39m
 [90m 4 |[39m [36mimport[39m { useTranslation } [36mfrom[39m [32m'@/lib/i18n'[39m[33m;[39m
 [90m 5 |[39m [36mimport[39m [33mDashboardLayout[39m [36mfrom[39m 
[32m'@/components/DashboardLayout'[39m[33m;[39m
 [90m 6 |[39m [36mimport[39m { useRouter } [36mfrom[39m [32m'next/navigation'[39m[33m;[39m[0m

You're importing a component that needs `useRef`. This React Hook only works in a Client Component. To fix, mark the 
file (or its parent) with the `"use client"` directive.

 Learn more: https://nextjs.org/docs/app/api-reference/directives/use-client




./src/app/payments/page.tsx:6:10
Ecmascript file had an error
[0m [90m 4 |[39m [36mimport[39m { useTranslation } [36mfrom[39m [32m'@/lib/i18n'[39m[33m;[39m
 [90m 5 |[39m [36mimport[39m [33mDashboardLayout[39m [36mfrom[39m 
[32m'@/components/DashboardLayout'[39m[33m;[39m
[31m[1m>[22m[39m[90m 6 |[39m [36mimport[39m { useRouter } [36mfrom[39m [32m'next/navigation'[39m[33m;[39m
 [90m   |[39m          [31m[1m^[22m[39m[31m[1m^[22m[39m[31m[1m^[22m[39m[31m[1m^[22m[39m[31m[1m^[22
m[39m[31m[1m^[22m[39m[31m[1m^[22m[39m[31m[1m^[22m[39m[31m[1m^[22m[39m
 [90m 7 |[39m [36mimport[39m { [33mPrinter[39m[33m,[39m [33mX[39m[33m,[39m [33mInfo[39m[33m,[39m 
[33mReceipt[39m[33m,[39m [33mTrendingDown[39m[33m,[39m [33mPlus[39m[33m,[39m [33mSearch[39m[33m,[39m 
[33mChevronDown[39m[33m,[39m [33mLock[39m[33m,[39m [33mLoader2[39m[33m,[39m [33mUserCheck[39m[33m,[39m 
[33mBuilding2[39m[33m,[39m [33mBanknote[39m[33m,[39m [33mCheckCircle2[39m[33m,[39m 
[33mArrowRight[39m[33m,[39m [33mTrash2[39m[33m,[39m [33mEye[39m } [36mfrom[39m 
[32m'lucide-react'[39m[33m;[39m
 [90m 8 |[39m [36mimport[39m { useSession } [36mfrom[39m [32m'next-auth/react'[39m[33m;[39m
 [90m 9 |[39m [36mimport[39m { [0m

You're importing a component that needs `useRouter`. This React Hook only works in a Client Component. To fix, mark 
the file (or its parent) with the `"use client"` directive.

 Learn more: https://nextjs.org/docs/app/api-reference/directives/use-client




./src/app/payments/page.tsx:3:17
Ecmascript file had an error
[0m [90m 1 |[39m [36mimport[39m { [33mCurrency[39m } [36mfrom[39m [32m'@/components/Currency'[39m[33m;[39m
 [90m 2 |[39m [32m'use client'[39m[33m;[39m
[31m[1m>[22m[39m[90m 3 |[39m [36mimport[39m [33mReact[39m[33m,[39m { useState[33m,[39m 
useEffect[33m,[39m useCallback[33m,[39m useRef } [36mfrom[39m [32m'react'[39m[33m;[39m
 [90m   |[39m                 [31m[1m^[22m[39m[31m[1m^[22m[39m[31m[1m^[22m[39m[31m[1m^[22m[39m[31m[
1m^[22m[39m[31m[1m^[22m[39m[31m[1m^[22m[39m[31m[1m^[22m[39m
 [90m 4 |[39m [36mimport[39m { useTranslation } [36mfrom[39m [32m'@/lib/i18n'[39m[33m;[39m
 [90m 5 |[39m [36mimport[39m [33mDashboardLayout[39m [36mfrom[39m 
[32m'@/components/DashboardLayout'[39m[33m;[39m
 [90m 6 |[39m [36mimport[39m { useRouter } [36mfrom[39m [32m'next/navigation'[39m[33m;[39m[0m

You're importing a component that needs `useState`. This React Hook only works in a Client Component. To fix, mark the 
file (or its parent) with the `"use client"` directive.

 Learn more: https://nextjs.org/docs/app/api-reference/directives/use-client




./src/app/purchase-payments/page.tsx:2:1
Ecmascript file had an error
[0m [90m 1 |[39m [36mimport[39m { [33mCurrency[39m } [36mfrom[39m [32m'@/components/Currency'[39m[33m;[39m
[31m[1m>[22m[39m[90m 2 |[39m [32m'use client'[39m[33m;[39m
 [90m   |[39m [31m[1m^[22m[39m[31m[1m^[22m[39m[31m[1m^[22m[39m[31m[1m^[22m[39m[31m[1m^[22m[39m[3
1m[1m^[22m[39m[31m[1m^[22m[39m[31m[1m^[22m[39m[31m[1m^[22m[39m[31m[1m^[22m[39m[31m[1m^[22m[39m[
31m[1m^[22m[39m[31m[1m^[22m[39m
 [90m 3 |[39m [36mimport[39m [33mReact[39m[33m,[39m { useState[33m,[39m useEffect[33m,[39m useCallback } 
[36mfrom[39m [32m'react'[39m[33m;[39m
 [90m 4 |[39m [36mimport[39m { useTranslation } [36mfrom[39m [32m'@/lib/i18n'[39m[33m;[39m
 [90m 5 |[39m [36mimport[39m [33mDashboardLayout[39m [36mfrom[39m 
[32m'@/components/DashboardLayout'[39m[33m;[39m[0m

The "use client" directive must be placed before other expressions. Move it to the top of the file to resolve this 
issue.


./src/app/purchase-payments/page.tsx:3:27
Ecmascript file had an error
[0m [90m 1 |[39m [36mimport[39m { [33mCurrency[39m } [36mfrom[39m [32m'@/components/Currency'[39m[33m;[39m
 [90m 2 |[39m [32m'use client'[39m[33m;[39m
[31m[1m>[22m[39m[90m 3 |[39m [36mimport[39m [33mReact[39m[33m,[39m { useState[33m,[39m 
useEffect[33m,[39m useCallback } [36mfrom[39m [32m'react'[39m[33m;[39m
 [90m   |[39m                           [31m[1m^[22m[39m[31m[1m^[22m[39m[31m[1m^[22m[39m[31m[1m^[22m[
39m[31m[1m^[22m[39m[31m[1m^[22m[39m[31m[1m^[22m[39m[31m[1m^[22m[39m[31m[1m^[22m[39m
 [90m 4 |[39m [36mimport[39m { useTranslation } [36mfrom[39m [32m'@/lib/i18n'[39m[33m;[39m
 [90m 5 |[39m [36mimport[39m [33mDashboardLayout[39m [36mfrom[39m 
[32m'@/components/DashboardLayout'[39m[33m;[39m
 [90m 6 |[39m [36mimport[39m { useRouter } [36mfrom[39m [32m'next/navigation'[39m[33m;[39m[0m

You're importing a component that needs `useEffect`. This React Hook only works in a Client Component. To fix, mark 
the file (or its parent) with the `"use client"` directive.

 Learn more: https://nextjs.org/docs/app/api-reference/directives/use-client




./src/app/purchase-payments/page.tsx:6:10
Ecmascript file had an error
[0m [90m 4 |[39m [36mimport[39m { useTranslation } [36mfrom[39m [32m'@/lib/i18n'[39m[33m;[39m
 [90m 5 |[39m [36mimport[39m [33mDashboardLayout[39m [36mfrom[39m 
[32m'@/components/DashboardLayout'[39m[33m;[39m
[31m[1m>[22m[39m[90m 6 |[39m [36mimport[39m { useRouter } [36mfrom[39m [32m'next/navigation'[39m[33m;[39m
 [90m   |[39m          [31m[1m^[22m[39m[31m[1m^[22m[39m[31m[1m^[22m[39m[31m[1m^[22m[39m[31m[1m^[22
m[39m[31m[1m^[22m[39m[31m[1m^[22m[39m[31m[1m^[22m[39m[31m[1m^[22m[39m
 [90m 7 |[39m [36mimport[39m {
 [90m 8 |[39m     [33mPlus[39m[33m,[39m [33mSearch[39m[33m,[39m [33mLoader2[39m[33m,[39m
 [90m 9 |[39m     [33mBuilding2[39m[33m,[39m [33mBanknote[39m[33m,[39m[0m

You're importing a component that needs `useRouter`. This React Hook only works in a Client Component. To fix, mark 
the file (or its parent) with the `"use client"` directive.

 Learn more: https://nextjs.org/docs/app/api-reference/directives/use-client




./src/app/purchase-payments/page.tsx:3:17
Ecmascript file had an error
[0m [90m 1 |[39m [36mimport[39m { [33mCurrency[39m } [36mfrom[39m [32m'@/components/Currency'[39m[33m;[39m
 [90m 2 |[39m [32m'use client'[39m[33m;[39m
[31m[1m>[22m[39m[90m 3 |[39m [36mimport[39m [33mReact[39m[33m,[39m { useState[33m,[39m 
useEffect[33m,[39m useCallback } [36mfrom[39m [32m'react'[39m[33m;[39m
 [90m   |[39m                 [31m[1m^[22m[39m[31m[1m^[22m[39m[31m[1m^[22m[39m[31m[1m^[22m[39m[31m[
1m^[22m[39m[31m[1m^[22m[39m[31m[1m^[22m[39m[31m[1m^[22m[39m
 [90m 4 |[39m [36mimport[39m { useTranslation } [36mfrom[39m [32m'@/lib/i18n'[39m[33m;[39m
 [90m 5 |[39m [36mimport[39m [33mDashboardLayout[39m [36mfrom[39m 
[32m'@/components/DashboardLayout'[39m[33m;[39m
 [90m 6 |[39m [36mimport[39m { useRouter } [36mfrom[39m [32m'next/navigation'[39m[33m;[39m[0m

You're importing a component that needs `useState`. This React Hook only works in a Client Component. To fix, mark the 
file (or its parent) with the `"use client"` directive.

 Learn more: https://nextjs.org/docs/app/api-reference/directives/use-client




./src/app/purchase-returns/page.tsx:2:1
Ecmascript file had an error
[0m [90m 1 |[39m [36mimport[39m { [33mCurrency[39m } [36mfrom[39m [32m'@/components/Currency'[39m[33m;[39m
[31m[1m>[22m[39m[90m 2 |[39m [32m'use client'[39m[33m;[39m
 [90m   |[39m [31m[1m^[22m[39m[31m[1m^[22m[39m[31m[1m^[22m[39m[31m[1m^[22m[39m[31m[1m^[22m[39m[3
1m[1m^[22m[39m[31m[1m^[22m[39m[31m[1m^[22m[39m[31m[1m^[22m[39m[31m[1m^[22m[39m[31m[1m^[22m[39m[
31m[1m^[22m[39m[31m[1m^[22m[39m
 [90m 3 |[39m [36mimport[39m [33mReact[39m[33m,[39m { useState[33m,[39m useEffect[33m,[39m useCallback } 
[36mfrom[39m [32m'react'[39m[33m;[39m
 [90m 4 |[39m [36mimport[39m { useTranslation } [36mfrom[39m [32m'@/lib/i18n'[39m[33m;[39m
 [90m 5 |[39m [36mimport[39m [33mDashboardLayout[39m [36mfrom[39m 
[32m'@/components/DashboardLayout'[39m[33m;[39m[0m

The "use client" directive must be placed before other expressions. Move it to the top of the file to resolve this 
issue.


./src/app/purchase-returns/page.tsx:3:27
Ecmascript file had an error
[0m [90m 1 |[39m [36mimport[39m { [33mCurrency[39m } [36mfrom[39m [32m'@/components/Currency'[39m[33m;[39m
 [90m 2 |[39m [32m'use client'[39m[33m;[39m
[31m[1m>[22m[39m[90m 3 |[39m [36mimport[39m [33mReact[39m[33m,[39m { useState[33m,[39m 
useEffect[33m,[39m useCallback } [36mfrom[39m [32m'react'[39m[33m;[39m
 [90m   |[39m                           [31m[1m^[22m[39m[31m[1m^[22m[39m[31m[1m^[22m[39m[31m[1m^[22m[
39m[31m[1m^[22m[39m[31m[1m^[22m[39m[31m[1m^[22m[39m[31m[1m^[22m[39m[31m[1m^[22m[39m
 [90m 4 |[39m [36mimport[39m { useTranslation } [36mfrom[39m [32m'@/lib/i18n'[39m[33m;[39m
 [90m 5 |[39m [36mimport[39m [33mDashboardLayout[39m [36mfrom[39m 
[32m'@/components/DashboardLayout'[39m[33m;[39m
 [90m 6 |[39m [36mimport[39m { useRouter } [36mfrom[39m [32m'next/navigation'[39m[33m;[39m[0m

You're importing a component that needs `useEffect`. This React Hook only works in a Client Component. To fix, mark 
the file (or its parent) with the `"use client"` directive.

 Learn more: https://nextjs.org/docs/app/api-reference/directives/use-client




./src/app/purchase-returns/page.tsx:6:10
Ecmascript file had an error
[0m [90m 4 |[39m [36mimport[39m { useTranslation } [36mfrom[39m [32m'@/lib/i18n'[39m[33m;[39m
 [90m 5 |[39m [36mimport[39m [33mDashboardLayout[39m [36mfrom[39m 
[32m'@/components/DashboardLayout'[39m[33m;[39m
[31m[1m>[22m[39m[90m 6 |[39m [36mimport[39m { useRouter } [36mfrom[39m [32m'next/navigation'[39m[33m;[39m
 [90m   |[39m          [31m[1m^[22m[39m[31m[1m^[22m[39m[31m[1m^[22m[39m[31m[1m^[22m[39m[31m[1m^[22
m[39m[31m[1m^[22m[39m[31m[1m^[22m[39m[31m[1m^[22m[39m[31m[1m^[22m[39m
 [90m 7 |[39m [36mimport[39m { [33mRotateCcw[39m[33m,[39m [33mPlus[39m[33m,[39m 
[33mPrinter[39m[33m,[39m [33mLoader2[39m[33m,[39m [33mSearch[39m[33m,[39m [33mChevronDown[39m[33m,[39m 
[33mPackage[39m[33m,[39m [33mCheckCircle2[39m[33m,[39m [33mClock[39m[33m,[39m 
[33mAlertCircle[39m[33m,[39m [33mTrash2[39m[33m,[39m [33mEye[39m } [36mfrom[39m 
[32m'lucide-react'[39m[33m;[39m
 [90m 8 |[39m [36mimport[39m { useSession } [36mfrom[39m [32m'next-auth/react'[39m[33m;[39m
 [90m 9 |[39m [36mimport[39m { [33mTHEME[39m[33m,[39m [33mC[39m[33m,[39m [33mCAIRO[39m[33m,[39m 
[33mINTER[39m[33m,[39m [33mIS[39m[33m,[39m focusIn[33m,[39m focusOut[33m,[39m 
[33mPAGE_BASE[39m[33m,[39m [33mSC[39m[33m,[39m [33mSTitle[39m[33m,[39m [33mTABLE_STYLE[39m[33m,[39m 
[33mSEARCH_STYLE[39m } [36mfrom[39m [32m'@/constants/theme'[39m[33m;[39m[0m

You're importing a component that needs `useRouter`. This React Hook only works in a Client Component. To fix, mark 
the file (or its parent) with the `"use client"` directive.

 Learn more: https://nextjs.org/docs/app/api-reference/directives/use-client




./src/app/purchase-returns/page.tsx:3:17
Ecmascript file had an error
[0m [90m 1 |[39m [36mimport[39m { [33mCurrency[39m } [36mfrom[39m [32m'@/components/Currency'[39m[33m;[39m
 [90m 2 |[39m [32m'use client'[39m[33m;[39m
[31m[1m>[22m[39m[90m 3 |[39m [36mimport[39m [33mReact[39m[33m,[39m { useState[33m,[39m 
useEffect[33m,[39m useCallback } [36mfrom[39m [32m'react'[39m[33m;[39m
 [90m   |[39m                 [31m[1m^[22m[39m[31m[1m^[22m[39m[31m[1m^[22m[39m[31m[1m^[22m[39m[31m[
1m^[22m[39m[31m[1m^[22m[39m[31m[1m^[22m[39m[31m[1m^[22m[39m
 [90m 4 |[39m [36mimport[39m { useTranslation } [36mfrom[39m [32m'@/lib/i18n'[39m[33m;[39m
 [90m 5 |[39m [36mimport[39m [33mDashboardLayout[39m [36mfrom[39m 
[32m'@/components/DashboardLayout'[39m[33m;[39m
 [90m 6 |[39m [36mimport[39m { useRouter } [36mfrom[39m [32m'next/navigation'[39m[33m;[39m[0m

You're importing a component that needs `useState`. This React Hook only works in a Client Component. To fix, mark the 
file (or its parent) with the `"use client"` directive.

 Learn more: https://nextjs.org/docs/app/api-reference/directives/use-client




./src/app/quotations/[id]/page.tsx:2:1
Ecmascript file had an error
[0m [90m 1 |[39m [36mimport[39m { [33mCurrency[39m } [36mfrom[39m [32m'@/components/Currency'[39m[33m;[39m
[31m[1m>[22m[39m[90m 2 |[39m [32m'use client'[39m[33m;[39m
 [90m   |[39m [31m[1m^[22m[39m[31m[1m^[22m[39m[31m[1m^[22m[39m[31m[1m^[22m[39m[31m[1m^[22m[39m[3
1m[1m^[22m[39m[31m[1m^[22m[39m[31m[1m^[22m[39m[31m[1m^[22m[39m[31m[1m^[22m[39m[31m[1m^[22m[39m[
31m[1m^[22m[39m[31m[1m^[22m[39m
 [90m 3 |[39m [36mimport[39m [33mReact[39m[33m,[39m { useState[33m,[39m useEffect[33m,[39m useCallback } 
[36mfrom[39m [32m'react'[39m[33m;[39m
 [90m 4 |[39m [36mimport[39m { useTranslation } [36mfrom[39m [32m'@/lib/i18n'[39m[33m;[39m
 [90m 5 |[39m [36mimport[39m [33mDashboardLayout[39m [36mfrom[39m 
[32m'@/components/DashboardLayout'[39m[33m;[39m[0m

The "use client" directive must be placed before other expressions. Move it to the top of the file to resolve this 
issue.


./src/app/quotations/[id]/page.tsx:3:27
Ecmascript file had an error
[0m [90m 1 |[39m [36mimport[39m { [33mCurrency[39m } [36mfrom[39m [32m'@/components/Currency'[39m[33m;[39m
 [90m 2 |[39m [32m'use client'[39m[33m;[39m
[31m[1m>[22m[39m[90m 3 |[39m [36mimport[39m [33mReact[39m[33m,[39m { useState[33m,[39m 
useEffect[33m,[39m useCallback } [36mfrom[39m [32m'react'[39m[33m;[39m
 [90m   |[39m                           [31m[1m^[22m[39m[31m[1m^[22m[39m[31m[1m^[22m[39m[31m[1m^[22m[
39m[31m[1m^[22m[39m[31m[1m^[22m[39m[31m[1m^[22m[39m[31m[1m^[22m[39m[31m[1m^[22m[39m
 [90m 4 |[39m [36mimport[39m { useTranslation } [36mfrom[39m [32m'@/lib/i18n'[39m[33m;[39m
 [90m 5 |[39m [36mimport[39m [33mDashboardLayout[39m [36mfrom[39m 
[32m'@/components/DashboardLayout'[39m[33m;[39m
 [90m 6 |[39m [36mimport[39m { useRouter[33m,[39m useParams } [36mfrom[39m 
[32m'next/navigation'[39m[33m;[39m[0m

You're importing a component that needs `useEffect`. This React Hook only works in a Client Component. To fix, mark 
the file (or its parent) with the `"use client"` directive.

 Learn more: https://nextjs.org/docs/app/api-reference/directives/use-client




./src/app/quotations/[id]/page.tsx:6:21
Ecmascript file had an error
[0m [90m 4 |[39m [36mimport[39m { useTranslation } [36mfrom[39m [32m'@/lib/i18n'[39m[33m;[39m
 [90m 5 |[39m [36mimport[39m [33mDashboardLayout[39m [36mfrom[39m 
[32m'@/components/DashboardLayout'[39m[33m;[39m
[31m[1m>[22m[39m[90m 6 |[39m [36mimport[39m { useRouter[33m,[39m useParams } [36mfrom[39m 
[32m'next/navigation'[39m[33m;[39m
 [90m   |[39m                     [31m[1m^[22m[39m[31m[1m^[22m[39m[31m[1m^[22m[39m[31m[1m^[22m[39m[3
1m[1m^[22m[39m[31m[1m^[22m[39m[31m[1m^[22m[39m[31m[1m^[22m[39m[31m[1m^[22m[39m
 [90m 7 |[39m [36mimport[39m { useSession } [36mfrom[39m [32m'next-auth/react'[39m[33m;[39m
 [90m 8 |[39m [36mimport[39m { [33mFileText[39m[33m,[39m [33mPrinter[39m[33m,[39m 
[33mCheckCircle[39m[33m,[39m [33mLoader2[39m[33m,[39m [33mX[39m[33m,[39m [33mEye[39m[33m,[39m 
[33mPackage[39m[33m,[39m [33mInfo[39m } [36mfrom[39m [32m'lucide-react'[39m[33m;[39m
 [90m 9 |[39m [36mimport[39m { [33mTHEME[39m[33m,[39m [33mC[39m[33m,[39m [33mCAIRO[39m[33m,[39m 
[33mINTER[39m[33m,[39m [33mIS[39m[33m,[39m [33mLS[39m[33m,[39m [33mTABLE_STYLE[39m[33m,[39m 
[33mSC[39m[33m,[39m [33mSTitle[39m } [36mfrom[39m [32m'@/constants/theme'[39m[33m;[39m[0m

You're importing a component that needs `useParams`. This React Hook only works in a Client Component. To fix, mark 
the file (or its parent) with the `"use client"` directive.

 Learn more: https://nextjs.org/docs/app/api-reference/directives/use-client




./src/app/quotations/[id]/page.tsx:6:10
Ecmascript file had an error
[0m [90m 4 |[39m [36mimport[39m { useTranslation } [36mfrom[39m [32m'@/lib/i18n'[39m[33m;[39m
 [90m 5 |[39m [36mimport[39m [33mDashboardLayout[39m [36mfrom[39m 
[32m'@/components/DashboardLayout'[39m[33m;[39m
[31m[1m>[22m[39m[90m 6 |[39m [36mimport[39m { useRouter[33m,[39m useParams } [36mfrom[39m 
[32m'next/navigation'[39m[33m;[39m
 [90m   |[39m          [31m[1m^[22m[39m[31m[1m^[22m[39m[31m[1m^[22m[39m[31m[1m^[22m[39m[31m[1m^[22
m[39m[31m[1m^[22m[39m[31m[1m^[22m[39m[31m[1m^[22m[39m[31m[1m^[22m[39m
 [90m 7 |[39m [36mimport[39m { useSession } [36mfrom[39m [32m'next-auth/react'[39m[33m;[39m
 [90m 8 |[39m [36mimport[39m { [33mFileText[39m[33m,[39m [33mPrinter[39m[33m,[39m 
[33mCheckCircle[39m[33m,[39m [33mLoader2[39m[33m,[39m [33mX[39m[33m,[39m [33mEye[39m[33m,[39m 
[33mPackage[39m[33m,[39m [33mInfo[39m } [36mfrom[39m [32m'lucide-react'[39m[33m;[39m
 [90m 9 |[39m [36mimport[39m { [33mTHEME[39m[33m,[39m [33mC[39m[33m,[39m [33mCAIRO[39m[33m,[39m 
[33mINTER[39m[33m,[39m [33mIS[39m[33m,[39m [33mLS[39m[33m,[39m [33mTABLE_STYLE[39m[33m,[39m 
[33mSC[39m[33m,[39m [33mSTitle[39m } [36mfrom[39m [32m'@/constants/theme'[39m[33m;[39m[0m

You're importing a component that needs `useRouter`. This React Hook only works in a Client Component. To fix, mark 
the file (or its parent) with the `"use client"` directive.

 Learn more: https://nextjs.org/docs/app/api-reference/directives/use-client




./src/app/quotations/[id]/page.tsx:3:17
Ecmascript file had an error
[0m [90m 1 |[39m [36mimport[39m { [33mCurrency[39m } [36mfrom[39m [32m'@/components/Currency'[39m[33m;[39m
 [90m 2 |[39m [32m'use client'[39m[33m;[39m
[31m[1m>[22m[39m[90m 3 |[39m [36mimport[39m [33mReact[39m[33m,[39m { useState[33m,[39m 
useEffect[33m,[39m useCallback } [36mfrom[39m [32m'react'[39m[33m;[39m
 [90m   |[39m                 [31m[1m^[22m[39m[31m[1m^[22m[39m[31m[1m^[22m[39m[31m[1m^[22m[39m[31m[
1m^[22m[39m[31m[1m^[22m[39m[31m[1m^[22m[39m[31m[1m^[22m[39m
 [90m 4 |[39m [36mimport[39m { useTranslation } [36mfrom[39m [32m'@/lib/i18n'[39m[33m;[39m
 [90m 5 |[39m [36mimport[39m [33mDashboardLayout[39m [36mfrom[39m 
[32m'@/components/DashboardLayout'[39m[33m;[39m
 [90m 6 |[39m [36mimport[39m { useRouter[33m,[39m useParams } [36mfrom[39m 
[32m'next/navigation'[39m[33m;[39m[0m

You're importing a component that needs `useState`. This React Hook only works in a Client Component. To fix, mark the 
file (or its parent) with the `"use client"` directive.

 Learn more: https://nextjs.org/docs/app/api-reference/directives/use-client




./src/app/quotations/new/page.tsx:2:1
Ecmascript file had an error
[0m [90m 1 |[39m [36mimport[39m { [33mCurrency[39m } [36mfrom[39m [32m'@/components/Currency'[39m[33m;[39m
[31m[1m>[22m[39m[90m 2 |[39m [32m'use client'[39m[33m;[39m
 [90m   |[39m [31m[1m^[22m[39m[31m[1m^[22m[39m[31m[1m^[22m[39m[31m[1m^[22m[39m[31m[1m^[22m[39m[3
1m[1m^[22m[39m[31m[1m^[22m[39m[31m[1m^[22m[39m[31m[1m^[22m[39m[31m[1m^[22m[39m[31m[1m^[22m[39m[
31m[1m^[22m[39m[31m[1m^[22m[39m
 [90m 3 |[39m [36mimport[39m [33mReact[39m[33m,[39m { useState[33m,[39m useEffect[33m,[39m 
useCallback[33m,[39m useRef } [36mfrom[39m [32m'react'[39m[33m;[39m
 [90m 4 |[39m [36mimport[39m { useTranslation } [36mfrom[39m [32m'@/lib/i18n'[39m[33m;[39m
 [90m 5 |[39m [36mimport[39m [33mDashboardLayout[39m [36mfrom[39m 
[32m'@/components/DashboardLayout'[39m[33m;[39m[0m

The "use client" directive must be placed before other expressions. Move it to the top of the file to resolve this 
issue.


./src/app/quotations/new/page.tsx:3:27
Ecmascript file had an error
[0m [90m 1 |[39m [36mimport[39m { [33mCurrency[39m } [36mfrom[39m [32m'@/components/Currency'[39m[33m;[39m
 [90m 2 |[39m [32m'use client'[39m[33m;[39m
[31m[1m>[22m[39m[90m 3 |[39m [36mimport[39m [33mReact[39m[33m,[39m { useState[33m,[39m 
useEffect[33m,[39m useCallback[33m,[39m useRef } [36mfrom[39m [32m'react'[39m[33m;[39m
 [90m   |[39m                           [31m[1m^[22m[39m[31m[1m^[22m[39m[31m[1m^[22m[39m[31m[1m^[22m[
39m[31m[1m^[22m[39m[31m[1m^[22m[39m[31m[1m^[22m[39m[31m[1m^[22m[39m[31m[1m^[22m[39m
 [90m 4 |[39m [36mimport[39m { useTranslation } [36mfrom[39m [32m'@/lib/i18n'[39m[33m;[39m
 [90m 5 |[39m [36mimport[39m [33mDashboardLayout[39m [36mfrom[39m 
[32m'@/components/DashboardLayout'[39m[33m;[39m
 [90m 6 |[39m [36mimport[39m [33mCustomSelect[39m [36mfrom[39m 
[32m'@/components/CustomSelect'[39m[33m;[39m[0m

You're importing a component that needs `useEffect`. This React Hook only works in a Client Component. To fix, mark 
the file (or its parent) with the `"use client"` directive.

 Learn more: https://nextjs.org/docs/app/api-reference/directives/use-client




./src/app/quotations/new/page.tsx:3:51
Ecmascript file had an error
[0m [90m 1 |[39m [36mimport[39m { [33mCurrency[39m } [36mfrom[39m [32m'@/components/Currency'[39m[33m;[39m
 [90m 2 |[39m [32m'use client'[39m[33m;[39m
[31m[1m>[22m[39m[90m 3 |[39m [36mimport[39m [33mReact[39m[33m,[39m { useState[33m,[39m 
useEffect[33m,[39m useCallback[33m,[39m useRef } [36mfrom[39m [32m'react'[39m[33m;[39m
 [90m   |[39m                                                   [31m[1m^[22m[39m[31m[1m^[22m[39m[31m[1m^[2
2m[39m[31m[1m^[22m[39m[31m[1m^[22m[39m[31m[1m^[22m[39m
 [90m 4 |[39m [36mimport[39m { useTranslation } [36mfrom[39m [32m'@/lib/i18n'[39m[33m;[39m
 [90m 5 |[39m [36mimport[39m [33mDashboardLayout[39m [36mfrom[39m 
[32m'@/components/DashboardLayout'[39m[33m;[39m
 [90m 6 |[39m [36mimport[39m [33mCustomSelect[39m [36mfrom[39m 
[32m'@/components/CustomSelect'[39m[33m;[39m[0m

You're importing a component that needs `useRef`. This React Hook only works in a Client Component. To fix, mark the 
file (or its parent) with the `"use client"` directive.

 Learn more: https://nextjs.org/docs/app/api-reference/directives/use-client




./src/app/quotations/new/page.tsx:7:10
Ecmascript file had an error
[0m [90m  5 |[39m [36mimport[39m [33mDashboardLayout[39m [36mfrom[39m 
[32m'@/components/DashboardLayout'[39m[33m;[39m
 [90m  6 |[39m [36mimport[39m [33mCustomSelect[39m [36mfrom[39m 
[32m'@/components/CustomSelect'[39m[33m;[39m
[31m[1m>[22m[39m[90m  7 |[39m [36mimport[39m { useRouter } [36mfrom[39m 
[32m'next/navigation'[39m[33m;[39m
 [90m    |[39m          [31m[1m^[22m[39m[31m[1m^[22m[39m[31m[1m^[22m[39m[31m[1m^[22m[39m[31m[1m^[2
2m[39m[31m[1m^[22m[39m[31m[1m^[22m[39m[31m[1m^[22m[39m[31m[1m^[22m[39m
 [90m  8 |[39m [36mimport[39m { useSession } [36mfrom[39m [32m'next-auth/react'[39m[33m;[39m
 [90m  9 |[39m [36mimport[39m { [33mFileText[39m[33m,[39m [33mPlus[39m[33m,[39m 
[33mTrash2[39m[33m,[39m [33mPackage[39m[33m,[39m [33mPrinter[39m[33m,[39m [33mInfo[39m[33m,[39m 
[33mLoader2[39m[33m,[39m [33mSearch[39m[33m,[39m [33mX[39m[33m,[39m [33mArrowRight[39m[33m,[39m 
[33mPencil[39m[33m,[39m [33mBanknote[39m[33m,[39m [33mBuilding2[39m[33m,[39m [33mCamera[39m[33m,[39m 
[33mCheckCircle[39m[33m,[39m [33mAlertCircle[39m[33m,[39m [33mShoppingCart[39m[33m,[39m 
[33mUser[39m[33m,[39m [33mPhone[39m[33m,[39m [33mUserPlus[39m[33m,[39m [33mPercent[39m } [36mfrom[39m 
[32m'lucide-react'[39m[33m;[39m
 [90m 10 |[39m [36mimport[39m { [33mTHEME[39m[33m,[39m [33mC[39m[33m,[39m [33mCAIRO[39m[33m,[39m 
[33mINTER[39m[33m,[39m [33mIS[39m[33m,[39m [33mLS[39m[33m,[39m focusIn[33m,[39m focusOut[33m,[39m 
[33mSC[39m[33m,[39m [33mSTitle[39m } [36mfrom[39m [32m'@/constants/theme'[39m[33m;[39m[0m

You're importing a component that needs `useRouter`. This React Hook only works in a Client Component. To fix, mark 
the file (or its parent) with the `"use client"` directive.

 Learn more: https://nextjs.org/docs/app/api-reference/directives/use-client




./src/app/quotations/new/page.tsx:3:17
Ecmascript file had an error
[0m [90m 1 |[39m [36mimport[39m { [33mCurrency[39m } [36mfrom[39m [32m'@/components/Currency'[39m[33m;[39m
 [90m 2 |[39m [32m'use client'[39m[33m;[39m
[31m[1m>[22m[39m[90m 3 |[39m [36mimport[39m [33mReact[39m[33m,[39m { useState[33m,[39m 
useEffect[33m,[39m useCallback[33m,[39m useRef } [36mfrom[39m [32m'react'[39m[33m;[39m
 [90m   |[39m                 [31m[1m^[22m[39m[31m[1m^[22m[39m[31m[1m^[22m[39m[31m[1m^[22m[39m[31m[
1m^[22m[39m[31m[1m^[22m[39m[31m[1m^[22m[39m[31m[1m^[22m[39m
 [90m 4 |[39m [36mimport[39m { useTranslation } [36mfrom[39m [32m'@/lib/i18n'[39m[33m;[39m
 [90m 5 |[39m [36mimport[39m [33mDashboardLayout[39m [36mfrom[39m 
[32m'@/components/DashboardLayout'[39m[33m;[39m
 [90m 6 |[39m [36mimport[39m [33mCustomSelect[39m [36mfrom[39m 
[32m'@/components/CustomSelect'[39m[33m;[39m[0m

You're importing a component that needs `useState`. This React Hook only works in a Client Component. To fix, mark the 
file (or its parent) with the `"use client"` directive.

 Learn more: https://nextjs.org/docs/app/api-reference/directives/use-client




./src/app/receipts/page.tsx:2:1
Ecmascript file had an error
[0m [90m 1 |[39m [36mimport[39m { [33mCurrency[39m } [36mfrom[39m [32m'@/components/Currency'[39m[33m;[39m
[31m[1m>[22m[39m[90m 2 |[39m [32m'use client'[39m[33m;[39m
 [90m   |[39m [31m[1m^[22m[39m[31m[1m^[22m[39m[31m[1m^[22m[39m[31m[1m^[22m[39m[31m[1m^[22m[39m[3
1m[1m^[22m[39m[31m[1m^[22m[39m[31m[1m^[22m[39m[31m[1m^[22m[39m[31m[1m^[22m[39m[31m[1m^[22m[39m[
31m[1m^[22m[39m[31m[1m^[22m[39m
 [90m 3 |[39m [36mimport[39m [33mReact[39m[33m,[39m { useState[33m,[39m useEffect[33m,[39m 
useCallback[33m,[39m useRef } [36mfrom[39m [32m'react'[39m[33m;[39m
 [90m 4 |[39m [36mimport[39m { useTranslation } [36mfrom[39m [32m'@/lib/i18n'[39m[33m;[39m
 [90m 5 |[39m [36mimport[39m [33mDashboardLayout[39m [36mfrom[39m 
[32m'@/components/DashboardLayout'[39m[33m;[39m[0m

The "use client" directive must be placed before other expressions. Move it to the top of the file to resolve this 
issue.


./src/app/receipts/page.tsx:3:27
Ecmascript file had an error
[0m [90m 1 |[39m [36mimport[39m { [33mCurrency[39m } [36mfrom[39m [32m'@/components/Currency'[39m[33m;[39m
 [90m 2 |[39m [32m'use client'[39m[33m;[39m
[31m[1m>[22m[39m[90m 3 |[39m [36mimport[39m [33mReact[39m[33m,[39m { useState[33m,[39m 
useEffect[33m,[39m useCallback[33m,[39m useRef } [36mfrom[39m [32m'react'[39m[33m;[39m
 [90m   |[39m                           [31m[1m^[22m[39m[31m[1m^[22m[39m[31m[1m^[22m[39m[31m[1m^[22m[
39m[31m[1m^[22m[39m[31m[1m^[22m[39m[31m[1m^[22m[39m[31m[1m^[22m[39m[31m[1m^[22m[39m
 [90m 4 |[39m [36mimport[39m { useTranslation } [36mfrom[39m [32m'@/lib/i18n'[39m[33m;[39m
 [90m 5 |[39m [36mimport[39m [33mDashboardLayout[39m [36mfrom[39m 
[32m'@/components/DashboardLayout'[39m[33m;[39m
 [90m 6 |[39m [36mimport[39m { useRouter } [36mfrom[39m [32m'next/navigation'[39m[33m;[39m[0m

You're importing a component that needs `useEffect`. This React Hook only works in a Client Component. To fix, mark 
the file (or its parent) with the `"use client"` directive.

 Learn more: https://nextjs.org/docs/app/api-reference/directives/use-client




./src/app/receipts/page.tsx:3:51
Ecmascript file had an error
[0m [90m 1 |[39m [36mimport[39m { [33mCurrency[39m } [36mfrom[39m [32m'@/components/Currency'[39m[33m;[39m
 [90m 2 |[39m [32m'use client'[39m[33m;[39m
[31m[1m>[22m[39m[90m 3 |[39m [36mimport[39m [33mReact[39m[33m,[39m { useState[33m,[39m 
useEffect[33m,[39m useCallback[33m,[39m useRef } [36mfrom[39m [32m'react'[39m[33m;[39m
 [90m   |[39m                                                   [31m[1m^[22m[39m[31m[1m^[22m[39m[31m[1m^[2
2m[39m[31m[1m^[22m[39m[31m[1m^[22m[39m[31m[1m^[22m[39m
 [90m 4 |[39m [36mimport[39m { useTranslation } [36mfrom[39m [32m'@/lib/i18n'[39m[33m;[39m
 [90m 5 |[39m [36mimport[39m [33mDashboardLayout[39m [36mfrom[39m 
[32m'@/components/DashboardLayout'[39m[33m;[39m
 [90m 6 |[39m [36mimport[39m { useRouter } [36mfrom[39m [32m'next/navigation'[39m[33m;[39m[0m

You're importing a component that needs `useRef`. This React Hook only works in a Client Component. To fix, mark the 
file (or its parent) with the `"use client"` directive.

 Learn more: https://nextjs.org/docs/app/api-reference/directives/use-client




./src/app/receipts/page.tsx:6:10
Ecmascript file had an error
[0m [90m 4 |[39m [36mimport[39m { useTranslation } [36mfrom[39m [32m'@/lib/i18n'[39m[33m;[39m
 [90m 5 |[39m [36mimport[39m [33mDashboardLayout[39m [36mfrom[39m 
[32m'@/components/DashboardLayout'[39m[33m;[39m
[31m[1m>[22m[39m[90m 6 |[39m [36mimport[39m { useRouter } [36mfrom[39m [32m'next/navigation'[39m[33m;[39m
 [90m   |[39m          [31m[1m^[22m[39m[31m[1m^[22m[39m[31m[1m^[22m[39m[31m[1m^[22m[39m[31m[1m^[22
m[39m[31m[1m^[22m[39m[31m[1m^[22m[39m[31m[1m^[22m[39m[31m[1m^[22m[39m
 [90m 7 |[39m [36mimport[39m {
 [90m 8 |[39m     [33mPlus[39m[33m,[39m [33mSearch[39m[33m,[39m [33mLoader2[39m[33m,[39m
 [90m 9 |[39m     [33mBuilding2[39m[33m,[39m [33mBanknote[39m[33m,[39m[0m

You're importing a component that needs `useRouter`. This React Hook only works in a Client Component. To fix, mark 
the file (or its parent) with the `"use client"` directive.

 Learn more: https://nextjs.org/docs/app/api-reference/directives/use-client




./src/app/receipts/page.tsx:3:17
Ecmascript file had an error
[0m [90m 1 |[39m [36mimport[39m { [33mCurrency[39m } [36mfrom[39m [32m'@/components/Currency'[39m[33m;[39m
 [90m 2 |[39m [32m'use client'[39m[33m;[39m
[31m[1m>[22m[39m[90m 3 |[39m [36mimport[39m [33mReact[39m[33m,[39m { useState[33m,[39m 
useEffect[33m,[39m useCallback[33m,[39m useRef } [36mfrom[39m [32m'react'[39m[33m;[39m
 [90m   |[39m                 [31m[1m^[22m[39m[31m[1m^[22m[39m[31m[1m^[22m[39m[31m[1m^[22m[39m[31m[
1m^[22m[39m[31m[1m^[22m[39m[31m[1m^[22m[39m[31m[1m^[22m[39m
 [90m 4 |[39m [36mimport[39m { useTranslation } [36mfrom[39m [32m'@/lib/i18n'[39m[33m;[39m
 [90m 5 |[39m [36mimport[39m [33mDashboardLayout[39m [36mfrom[39m 
[32m'@/components/DashboardLayout'[39m[33m;[39m
 [90m 6 |[39m [36mimport[39m { useRouter } [36mfrom[39m [32m'next/navigation'[39m[33m;[39m[0m

You're importing a component that needs `useState`. This React Hook only works in a Client Component. To fix, mark the 
file (or its parent) with the `"use client"` directive.

 Learn more: https://nextjs.org/docs/app/api-reference/directives/use-client




./src/app/reports/balance-sheet/page.tsx:2:1
Ecmascript file had an error
[0m [90m 1 |[39m [36mimport[39m { [33mCurrency[39m } [36mfrom[39m [32m'@/components/Currency'[39m[33m;[39m
[31m[1m>[22m[39m[90m 2 |[39m [32m'use client'[39m[33m;[39m
 [90m   |[39m [31m[1m^[22m[39m[31m[1m^[22m[39m[31m[1m^[22m[39m[31m[1m^[22m[39m[31m[1m^[22m[39m[3
1m[1m^[22m[39m[31m[1m^[22m[39m[31m[1m^[22m[39m[31m[1m^[22m[39m[31m[1m^[22m[39m[31m[1m^[22m[39m[
31m[1m^[22m[39m[31m[1m^[22m[39m
 [90m 3 |[39m
 [90m 4 |[39m [36mimport[39m [33mReact[39m[33m,[39m { useState[33m,[39m useEffect } [36mfrom[39m 
[32m'react'[39m[33m;[39m
 [90m 5 |[39m [36mimport[39m { useTranslation } [36mfrom[39m [32m'@/lib/i18n'[39m[33m;[39m[0m

The "use client" directive must be placed before other expressions. Move it to the top of the file to resolve this 
issue.


./src/app/reports/balance-sheet/page.tsx:4:27
Ecmascript file had an error
[0m [90m 2 |[39m [32m'use client'[39m[33m;[39m
 [90m 3 |[39m
[31m[1m>[22m[39m[90m 4 |[39m [36mimport[39m [33mReact[39m[33m,[39m { useState[33m,[39m useEffect } 
[36mfrom[39m [32m'react'[39m[33m;[39m
 [90m   |[39m                           [31m[1m^[22m[39m[31m[1m^[22m[39m[31m[1m^[22m[39m[31m[1m^[22m[
39m[31m[1m^[22m[39m[31m[1m^[22m[39m[31m[1m^[22m[39m[31m[1m^[22m[39m[31m[1m^[22m[39m
 [90m 5 |[39m [36mimport[39m { useTranslation } [36mfrom[39m [32m'@/lib/i18n'[39m[33m;[39m
 [90m 6 |[39m [36mimport[39m [33mDashboardLayout[39m [36mfrom[39m 
[32m'@/components/DashboardLayout'[39m[33m;[39m
 [90m 7 |[39m [36mimport[39m [33mReportHeader[39m [36mfrom[39m 
[32m'@/components/ReportHeader'[39m[33m;[39m[0m

You're importing a component that needs `useEffect`. This React Hook only works in a Client Component. To fix, mark 
the file (or its parent) with the `"use client"` directive.

 Learn more: https://nextjs.org/docs/app/api-reference/directives/use-client




./src/app/reports/balance-sheet/page.tsx:4:17
Ecmascript file had an error
[0m [90m 2 |[39m [32m'use client'[39m[33m;[39m
 [90m 3 |[39m
[31m[1m>[22m[39m[90m 4 |[39m [36mimport[39m [33mReact[39m[33m,[39m { useState[33m,[39m useEffect } 
[36mfrom[39m [32m'react'[39m[33m;[39m
 [90m   |[39m                 [31m[1m^[22m[39m[31m[1m^[22m[39m[31m[1m^[22m[39m[31m[1m^[22m[39m[31m[
1m^[22m[39m[31m[1m^[22m[39m[31m[1m^[22m[39m[31m[1m^[22m[39m
 [90m 5 |[39m [36mimport[39m { useTranslation } [36mfrom[39m [32m'@/lib/i18n'[39m[33m;[39m
 [90m 6 |[39m [36mimport[39m [33mDashboardLayout[39m [36mfrom[39m 
[32m'@/components/DashboardLayout'[39m[33m;[39m
 [90m 7 |[39m [36mimport[39m [33mReportHeader[39m [36mfrom[39m 
[32m'@/components/ReportHeader'[39m[33m;[39m[0m

You're importing a component that needs `useState`. This React Hook only works in a Client Component. To fix, mark the 
file (or its parent) with the `"use client"` directive.

 Learn more: https://nextjs.org/docs/app/api-reference/directives/use-client




./src/app/reports/cash-flow/page.tsx:2:1
Ecmascript file had an error
[0m [90m 1 |[39m [36mimport[39m { [33mCurrency[39m } [36mfrom[39m [32m'@/components/Currency'[39m[33m;[39m
[31m[1m>[22m[39m[90m 2 |[39m [32m'use client'[39m[33m;[39m
 [90m   |[39m [31m[1m^[22m[39m[31m[1m^[22m[39m[31m[1m^[22m[39m[31m[1m^[22m[39m[31m[1m^[22m[39m[3
1m[1m^[22m[39m[31m[1m^[22m[39m[31m[1m^[22m[39m[31m[1m^[22m[39m[31m[1m^[22m[39m[31m[1m^[22m[39m[
31m[1m^[22m[39m[31m[1m^[22m[39m
 [90m 3 |[39m
 [90m 4 |[39m [36mimport[39m [33mReact[39m[33m,[39m { useEffect[33m,[39m useState } [36mfrom[39m 
[32m'react'[39m[33m;[39m
 [90m 5 |[39m [36mimport[39m { useTranslation } [36mfrom[39m [32m'@/lib/i18n'[39m[33m;[39m[0m

The "use client" directive must be placed before other expressions. Move it to the top of the file to resolve this 
issue.


./src/app/reports/cash-flow/page.tsx:4:17
Ecmascript file had an error
[0m [90m 2 |[39m [32m'use client'[39m[33m;[39m
 [90m 3 |[39m
[31m[1m>[22m[39m[90m 4 |[39m [36mimport[39m [33mReact[39m[33m,[39m { useEffect[33m,[39m useState } 
[36mfrom[39m [32m'react'[39m[33m;[39m
 [90m   |[39m                 [31m[1m^[22m[39m[31m[1m^[22m[39m[31m[1m^[22m[39m[31m[1m^[22m[39m[31m[
1m^[22m[39m[31m[1m^[22m[39m[31m[1m^[22m[39m[31m[1m^[22m[39m[31m[1m^[22m[39m
 [90m 5 |[39m [36mimport[39m { useTranslation } [36mfrom[39m [32m'@/lib/i18n'[39m[33m;[39m
 [90m 6 |[39m [36mimport[39m { useSession } [36mfrom[39m [32m'next-auth/react'[39m[33m;[39m
 [90m 7 |[39m [36mimport[39m [33mDashboardLayout[39m [36mfrom[39m 
[32m'@/components/DashboardLayout'[39m[33m;[39m[0m

You're importing a component that needs `useEffect`. This React Hook only works in a Client Component. To fix, mark 
the file (or its parent) with the `"use client"` directive.

 Learn more: https://nextjs.org/docs/app/api-reference/directives/use-client




./src/app/reports/cash-flow/page.tsx:4:28
Ecmascript file had an error
[0m [90m 2 |[39m [32m'use client'[39m[33m;[39m
 [90m 3 |[39m
[31m[1m>[22m[39m[90m 4 |[39m [36mimport[39m [33mReact[39m[33m,[39m { useEffect[33m,[39m useState } 
[36mfrom[39m [32m'react'[39m[33m;[39m
 [90m   |[39m                            [31m[1m^[22m[39m[31m[1m^[22m[39m[31m[1m^[22m[39m[31m[1m^[22m
[39m[31m[1m^[22m[39m[31m[1m^[22m[39m[31m[1m^[22m[39m[31m[1m^[22m[39m
 [90m 5 |[39m [36mimport[39m { useTranslation } [36mfrom[39m [32m'@/lib/i18n'[39m[33m;[39m
 [90m 6 |[39m [36mimport[39m { useSession } [36mfrom[39m [32m'next-auth/react'[39m[33m;[39m
 [90m 7 |[39m [36mimport[39m [33mDashboardLayout[39m [36mfrom[39m 
[32m'@/components/DashboardLayout'[39m[33m;[39m[0m

You're importing a component that needs `useState`. This React Hook only works in a Client Component. To fix, mark the 
file (or its parent) with the `"use client"` directive.

 Learn more: https://nextjs.org/docs/app/api-reference/directives/use-client




./src/app/reports/daily-report/page.tsx:2:1
Ecmascript file had an error
[0m [90m 1 |[39m [36mimport[39m { [33mCurrency[39m } [36mfrom[39m [32m'@/components/Currency'[39m[33m;[39m
[31m[1m>[22m[39m[90m 2 |[39m [32m'use client'[39m[33m;[39m
 [90m   |[39m [31m[1m^[22m[39m[31m[1m^[22m[39m[31m[1m^[22m[39m[31m[1m^[22m[39m[31m[1m^[22m[39m[3
1m[1m^[22m[39m[31m[1m^[22m[39m[31m[1m^[22m[39m[31m[1m^[22m[39m[31m[1m^[22m[39m[31m[1m^[22m[39m[
31m[1m^[22m[39m[31m[1m^[22m[39m
 [90m 3 |[39m
 [90m 4 |[39m [36mimport[39m [33mReact[39m[33m,[39m { useState[33m,[39m useEffect } [36mfrom[39m 
[32m'react'[39m[33m;[39m
 [90m 5 |[39m [36mimport[39m { useTranslation } [36mfrom[39m [32m'@/lib/i18n'[39m[33m;[39m[0m

The "use client" directive must be placed before other expressions. Move it to the top of the file to resolve this 
issue.


./src/app/reports/daily-report/page.tsx:4:27
Ecmascript file had an error
[0m [90m 2 |[39m [32m'use client'[39m[33m;[39m
 [90m 3 |[39m
[31m[1m>[22m[39m[90m 4 |[39m [36mimport[39m [33mReact[39m[33m,[39m { useState[33m,[39m useEffect } 
[36mfrom[39m [32m'react'[39m[33m;[39m
 [90m   |[39m                           [31m[1m^[22m[39m[31m[1m^[22m[39m[31m[1m^[22m[39m[31m[1m^[22m[
39m[31m[1m^[22m[39m[31m[1m^[22m[39m[31m[1m^[22m[39m[31m[1m^[22m[39m[31m[1m^[22m[39m
 [90m 5 |[39m [36mimport[39m { useTranslation } [36mfrom[39m [32m'@/lib/i18n'[39m[33m;[39m
 [90m 6 |[39m [36mimport[39m [33mDashboardLayout[39m [36mfrom[39m 
[32m'@/components/DashboardLayout'[39m[33m;[39m
 [90m 7 |[39m [36mimport[39m [33mReportHeader[39m [36mfrom[39m 
[32m'@/components/ReportHeader'[39m[33m;[39m[0m

You're importing a component that needs `useEffect`. This React Hook only works in a Client Component. To fix, mark 
the file (or its parent) with the `"use client"` directive.

 Learn more: https://nextjs.org/docs/app/api-reference/directives/use-client




./src/app/reports/daily-report/page.tsx:4:17
Ecmascript file had an error
[0m [90m 2 |[39m [32m'use client'[39m[33m;[39m
 [90m 3 |[39m
[31m[1m>[22m[39m[90m 4 |[39m [36mimport[39m [33mReact[39m[33m,[39m { useState[33m,[39m useEffect } 
[36mfrom[39m [32m'react'[39m[33m;[39m
 [90m   |[39m                 [31m[1m^[22m[39m[31m[1m^[22m[39m[31m[1m^[22m[39m[31m[1m^[22m[39m[31m[
1m^[22m[39m[31m[1m^[22m[39m[31m[1m^[22m[39m[31m[1m^[22m[39m
 [90m 5 |[39m [36mimport[39m { useTranslation } [36mfrom[39m [32m'@/lib/i18n'[39m[33m;[39m
 [90m 6 |[39m [36mimport[39m [33mDashboardLayout[39m [36mfrom[39m 
[32m'@/components/DashboardLayout'[39m[33m;[39m
 [90m 7 |[39m [36mimport[39m [33mReportHeader[39m [36mfrom[39m 
[32m'@/components/ReportHeader'[39m[33m;[39m[0m

You're importing a component that needs `useState`. This React Hook only works in a Client Component. To fix, mark the 
file (or its parent) with the `"use client"` directive.

 Learn more: https://nextjs.org/docs/app/api-reference/directives/use-client




./src/app/reports/detailed-balance-sheet/page.tsx:2:1
Ecmascript file had an error
[0m [90m 1 |[39m [36mimport[39m { [33mCurrency[39m } [36mfrom[39m [32m'@/components/Currency'[39m[33m;[39m
[31m[1m>[22m[39m[90m 2 |[39m [32m'use client'[39m[33m;[39m
 [90m   |[39m [31m[1m^[22m[39m[31m[1m^[22m[39m[31m[1m^[22m[39m[31m[1m^[22m[39m[31m[1m^[22m[39m[3
1m[1m^[22m[39m[31m[1m^[22m[39m[31m[1m^[22m[39m[31m[1m^[22m[39m[31m[1m^[22m[39m[31m[1m^[22m[39m[
31m[1m^[22m[39m[31m[1m^[22m[39m
 [90m 3 |[39m
 [90m 4 |[39m [36mimport[39m [33mReact[39m[33m,[39m { useEffect[33m,[39m useState } [36mfrom[39m 
[32m'react'[39m[33m;[39m
 [90m 5 |[39m [36mimport[39m { useTranslation } [36mfrom[39m [32m'@/lib/i18n'[39m[33m;[39m[0m

The "use client" directive must be placed before other expressions. Move it to the top of the file to resolve this 
issue.


./src/app/reports/detailed-balance-sheet/page.tsx:4:17
Ecmascript file had an error
[0m [90m 2 |[39m [32m'use client'[39m[33m;[39m
 [90m 3 |[39m
[31m[1m>[22m[39m[90m 4 |[39m [36mimport[39m [33mReact[39m[33m,[39m { useEffect[33m,[39m useState } 
[36mfrom[39m [32m'react'[39m[33m;[39m
 [90m   |[39m                 [31m[1m^[22m[39m[31m[1m^[22m[39m[31m[1m^[22m[39m[31m[1m^[22m[39m[31m[
1m^[22m[39m[31m[1m^[22m[39m[31m[1m^[22m[39m[31m[1m^[22m[39m[31m[1m^[22m[39m
 [90m 5 |[39m [36mimport[39m { useTranslation } [36mfrom[39m [32m'@/lib/i18n'[39m[33m;[39m
 [90m 6 |[39m [36mimport[39m [33mDashboardLayout[39m [36mfrom[39m 
[32m'@/components/DashboardLayout'[39m[33m;[39m
 [90m 7 |[39m [36mimport[39m [33mReportHeader[39m [36mfrom[39m 
[32m'@/components/ReportHeader'[39m[33m;[39m[0m

You're importing a component that needs `useEffect`. This React Hook only works in a Client Component. To fix, mark 
the file (or its parent) with the `"use client"` directive.

 Learn more: https://nextjs.org/docs/app/api-reference/directives/use-client




./src/app/reports/detailed-balance-sheet/page.tsx:4:28
Ecmascript file had an error
[0m [90m 2 |[39m [32m'use client'[39m[33m;[39m
 [90m 3 |[39m
[31m[1m>[22m[39m[90m 4 |[39m [36mimport[39m [33mReact[39m[33m,[39m { useEffect[33m,[39m useState } 
[36mfrom[39m [32m'react'[39m[33m;[39m
 [90m   |[39m                            [31m[1m^[22m[39m[31m[1m^[22m[39m[31m[1m^[22m[39m[31m[1m^[22m
[39m[31m[1m^[22m[39m[31m[1m^[22m[39m[31m[1m^[22m[39m[31m[1m^[22m[39m
 [90m 5 |[39m [36mimport[39m { useTranslation } [36mfrom[39m [32m'@/lib/i18n'[39m[33m;[39m
 [90m 6 |[39m [36mimport[39m [33mDashboardLayout[39m [36mfrom[39m 
[32m'@/components/DashboardLayout'[39m[33m;[39m
 [90m 7 |[39m [36mimport[39m [33mReportHeader[39m [36mfrom[39m 
[32m'@/components/ReportHeader'[39m[33m;[39m[0m

You're importing a component that needs `useState`. This React Hook only works in a Client Component. To fix, mark the 
file (or its parent) with the `"use client"` directive.

 Learn more: https://nextjs.org/docs/app/api-reference/directives/use-client




./src/app/reports/employees-advances/page.tsx:2:1
Ecmascript file had an error
[0m [90m 1 |[39m [36mimport[39m { [33mCurrency[39m } [36mfrom[39m [32m'@/components/Currency'[39m[33m;[39m
[31m[1m>[22m[39m[90m 2 |[39m [32m'use client'[39m[33m;[39m
 [90m   |[39m [31m[1m^[22m[39m[31m[1m^[22m[39m[31m[1m^[22m[39m[31m[1m^[22m[39m[31m[1m^[22m[39m[3
1m[1m^[22m[39m[31m[1m^[22m[39m[31m[1m^[22m[39m[31m[1m^[22m[39m[31m[1m^[22m[39m[31m[1m^[22m[39m[
31m[1m^[22m[39m[31m[1m^[22m[39m
 [90m 3 |[39m
 [90m 4 |[39m [36mimport[39m [33mDashboardLayout[39m [36mfrom[39m 
[32m'@/components/DashboardLayout'[39m[33m;[39m
 [90m 5 |[39m [36mimport[39m { useTranslation } [36mfrom[39m [32m'@/lib/i18n'[39m[33m;[39m[0m

The "use client" directive must be placed before other expressions. Move it to the top of the file to resolve this 
issue.


./src/app/reports/employees-advances/page.tsx:9:10
Ecmascript file had an error
[0m [90m  7 |[39m [36mimport[39m { useSession } [36mfrom[39m [32m'next-auth/react'[39m[33m;[39m
 [90m  8 |[39m [36mimport[39m [33mReportHeader[39m [36mfrom[39m 
[32m'@/components/ReportHeader'[39m[33m;[39m
[31m[1m>[22m[39m[90m  9 |[39m [36mimport[39m { useEffect[33m,[39m useState } [36mfrom[39m 
[32m'react'[39m[33m;[39m
 [90m    |[39m          [31m[1m^[22m[39m[31m[1m^[22m[39m[31m[1m^[22m[39m[31m[1m^[22m[39m[31m[1m^[2
2m[39m[31m[1m^[22m[39m[31m[1m^[22m[39m[31m[1m^[22m[39m[31m[1m^[22m[39m
 [90m 10 |[39m [36mimport[39m { [33mWallet[39m[33m,[39m [33mSearch[39m[33m,[39m [33mUsers[39m[33m,[39m 
[33mActivity[39m[33m,[39m [33mLoader2[39m[33m,[39m [33mArrowUpRight[39m[33m,[39m 
[33mArrowDownRight[39m[33m,[39m [33mCheckCircle2[39m } [36mfrom[39m [32m'lucide-react'[39m[33m;[39m
 [90m 11 |[39m [36mimport[39m { useCurrency } [36mfrom[39m [32m'@/hooks/useCurrency'[39m[33m;[39m
 [90m 12 |[39m[0m

You're importing a component that needs `useEffect`. This React Hook only works in a Client Component. To fix, mark 
the file (or its parent) with the `"use client"` directive.

 Learn more: https://nextjs.org/docs/app/api-reference/directives/use-client




./src/app/reports/employees-advances/page.tsx:9:21
Ecmascript file had an error
[0m [90m  7 |[39m [36mimport[39m { useSession } [36mfrom[39m [32m'next-auth/react'[39m[33m;[39m
 [90m  8 |[39m [36mimport[39m [33mReportHeader[39m [36mfrom[39m 
[32m'@/components/ReportHeader'[39m[33m;[39m
[31m[1m>[22m[39m[90m  9 |[39m [36mimport[39m { useEffect[33m,[39m useState } [36mfrom[39m 
[32m'react'[39m[33m;[39m
 [90m    |[39m                     [31m[1m^[22m[39m[31m[1m^[22m[39m[31m[1m^[22m[39m[31m[1m^[22m[39m[
31m[1m^[22m[39m[31m[1m^[22m[39m[31m[1m^[22m[39m[31m[1m^[22m[39m
 [90m 10 |[39m [36mimport[39m { [33mWallet[39m[33m,[39m [33mSearch[39m[33m,[39m [33mUsers[39m[33m,[39m 
[33mActivity[39m[33m,[39m [33mLoader2[39m[33m,[39m [33mArrowUpRight[39m[33m,[39m 
[33mArrowDownRight[39m[33m,[39m [33mCheckCircle2[39m } [36mfrom[39m [32m'lucide-react'[39m[33m;[39m
 [90m 11 |[39m [36mimport[39m { useCurrency } [36mfrom[39m [32m'@/hooks/useCurrency'[39m[33m;[39m
 [90m 12 |[39m[0m

You're importing a component that needs `useState`. This React Hook only works in a Client Component. To fix, mark the 
file (or its parent) with the `"use client"` directive.

 Learn more: https://nextjs.org/docs/app/api-reference/directives/use-client




./src/app/reports/employees-deductions/page.tsx:2:1
Ecmascript file had an error
[0m [90m 1 |[39m [36mimport[39m { [33mCurrency[39m } [36mfrom[39m [32m'@/components/Currency'[39m[33m;[39m
[31m[1m>[22m[39m[90m 2 |[39m [32m'use client'[39m[33m;[39m
 [90m   |[39m [31m[1m^[22m[39m[31m[1m^[22m[39m[31m[1m^[22m[39m[31m[1m^[22m[39m[31m[1m^[22m[39m[3
1m[1m^[22m[39m[31m[1m^[22m[39m[31m[1m^[22m[39m[31m[1m^[22m[39m[31m[1m^[22m[39m[31m[1m^[22m[39m[
31m[1m^[22m[39m[31m[1m^[22m[39m
 [90m 3 |[39m
 [90m 4 |[39m [36mimport[39m [33mDashboardLayout[39m [36mfrom[39m 
[32m'@/components/DashboardLayout'[39m[33m;[39m
 [90m 5 |[39m [36mimport[39m { useTranslation } [36mfrom[39m [32m'@/lib/i18n'[39m[33m;[39m[0m

The "use client" directive must be placed before other expressions. Move it to the top of the file to resolve this 
issue.


./src/app/reports/employees-deductions/page.tsx:9:10
Ecmascript file had an error
[0m [90m  7 |[39m [36mimport[39m { useSession } [36mfrom[39m [32m'next-auth/react'[39m[33m;[39m
 [90m  8 |[39m [36mimport[39m [33mReportHeader[39m [36mfrom[39m 
[32m'@/components/ReportHeader'[39m[33m;[39m
[31m[1m>[22m[39m[90m  9 |[39m [36mimport[39m { useEffect[33m,[39m useState } [36mfrom[39m 
[32m'react'[39m[33m;[39m
 [90m    |[39m          [31m[1m^[22m[39m[31m[1m^[22m[39m[31m[1m^[22m[39m[31m[1m^[22m[39m[31m[1m^[2
2m[39m[31m[1m^[22m[39m[31m[1m^[22m[39m[31m[1m^[22m[39m[31m[1m^[22m[39m
 [90m 10 |[39m [36mimport[39m { [33mAlertTriangle[39m[33m,[39m [33mSearch[39m[33m,[39m 
[33mTrash2[39m[33m,[39m [33mActivity[39m[33m,[39m [33mLoader2[39m[33m,[39m 
[33mArrowDownRight[39m[33m,[39m [33mUsers[39m[33m,[39m [33mCalendar[39m } [36mfrom[39m 
[32m'lucide-react'[39m[33m;[39m
 [90m 11 |[39m [36mimport[39m { useCurrency } [36mfrom[39m [32m'@/hooks/useCurrency'[39m[33m;[39m
 [90m 12 |[39m[0m

You're importing a component that needs `useEffect`. This React Hook only works in a Client Component. To fix, mark 
the file (or its parent) with the `"use client"` directive.

 Learn more: https://nextjs.org/docs/app/api-reference/directives/use-client




./src/app/reports/employees-deductions/page.tsx:9:21
Ecmascript file had an error
[0m [90m  7 |[39m [36mimport[39m { useSession } [36mfrom[39m [32m'next-auth/react'[39m[33m;[39m
 [90m  8 |[39m [36mimport[39m [33mReportHeader[39m [36mfrom[39m 
[32m'@/components/ReportHeader'[39m[33m;[39m
[31m[1m>[22m[39m[90m  9 |[39m [36mimport[39m { useEffect[33m,[39m useState } [36mfrom[39m 
[32m'react'[39m[33m;[39m
 [90m    |[39m                     [31m[1m^[22m[39m[31m[1m^[22m[39m[31m[1m^[22m[39m[31m[1m^[22m[39m[
31m[1m^[22m[39m[31m[1m^[22m[39m[31m[1m^[22m[39m[31m[1m^[22m[39m
 [90m 10 |[39m [36mimport[39m { [33mAlertTriangle[39m[33m,[39m [33mSearch[39m[33m,[39m 
[33mTrash2[39m[33m,[39m [33mActivity[39m[33m,[39m [33mLoader2[39m[33m,[39m 
[33mArrowDownRight[39m[33m,[39m [33mUsers[39m[33m,[39m [33mCalendar[39m } [36mfrom[39m 
[32m'lucide-react'[39m[33m;[39m
 [90m 11 |[39m [36mimport[39m { useCurrency } [36mfrom[39m [32m'@/hooks/useCurrency'[39m[33m;[39m
 [90m 12 |[39m[0m

You're importing a component that needs `useState`. This React Hook only works in a Client Component. To fix, mark the 
file (or its parent) with the `"use client"` directive.

 Learn more: https://nextjs.org/docs/app/api-reference/directives/use-client




./src/app/reports/fixed-assets/page.tsx:2:1
Ecmascript file had an error
[0m [90m 1 |[39m [36mimport[39m { [33mCurrency[39m } [36mfrom[39m [32m'@/components/Currency'[39m[33m;[39m
[31m[1m>[22m[39m[90m 2 |[39m [32m'use client'[39m[33m;[39m
 [90m   |[39m [31m[1m^[22m[39m[31m[1m^[22m[39m[31m[1m^[22m[39m[31m[1m^[22m[39m[31m[1m^[22m[39m[3
1m[1m^[22m[39m[31m[1m^[22m[39m[31m[1m^[22m[39m[31m[1m^[22m[39m[31m[1m^[22m[39m[31m[1m^[22m[39m[
31m[1m^[22m[39m[31m[1m^[22m[39m
 [90m 3 |[39m
 [90m 4 |[39m [36mimport[39m [33mReact[39m[33m,[39m { useEffect[33m,[39m useState } [36mfrom[39m 
[32m'react'[39m[33m;[39m
 [90m 5 |[39m [36mimport[39m { useTranslation } [36mfrom[39m [32m'@/lib/i18n'[39m[33m;[39m[0m

The "use client" directive must be placed before other expressions. Move it to the top of the file to resolve this 
issue.


./src/app/reports/fixed-assets/page.tsx:4:17
Ecmascript file had an error
[0m [90m 2 |[39m [32m'use client'[39m[33m;[39m
 [90m 3 |[39m
[31m[1m>[22m[39m[90m 4 |[39m [36mimport[39m [33mReact[39m[33m,[39m { useEffect[33m,[39m useState } 
[36mfrom[39m [32m'react'[39m[33m;[39m
 [90m   |[39m                 [31m[1m^[22m[39m[31m[1m^[22m[39m[31m[1m^[22m[39m[31m[1m^[22m[39m[31m[
1m^[22m[39m[31m[1m^[22m[39m[31m[1m^[22m[39m[31m[1m^[22m[39m[31m[1m^[22m[39m
 [90m 5 |[39m [36mimport[39m { useTranslation } [36mfrom[39m [32m'@/lib/i18n'[39m[33m;[39m
 [90m 6 |[39m [36mimport[39m [33mDashboardLayout[39m [36mfrom[39m 
[32m'@/components/DashboardLayout'[39m[33m;[39m
 [90m 7 |[39m [36mimport[39m [33mReportHeader[39m [36mfrom[39m 
[32m'@/components/ReportHeader'[39m[33m;[39m[0m

You're importing a component that needs `useEffect`. This React Hook only works in a Client Component. To fix, mark 
the file (or its parent) with the `"use client"` directive.

 Learn more: https://nextjs.org/docs/app/api-reference/directives/use-client




./src/app/reports/fixed-assets/page.tsx:4:28
Ecmascript file had an error
[0m [90m 2 |[39m [32m'use client'[39m[33m;[39m
 [90m 3 |[39m
[31m[1m>[22m[39m[90m 4 |[39m [36mimport[39m [33mReact[39m[33m,[39m { useEffect[33m,[39m useState } 
[36mfrom[39m [32m'react'[39m[33m;[39m
 [90m   |[39m                            [31m[1m^[22m[39m[31m[1m^[22m[39m[31m[1m^[22m[39m[31m[1m^[22m
[39m[31m[1m^[22m[39m[31m[1m^[22m[39m[31m[1m^[22m[39m[31m[1m^[22m[39m
 [90m 5 |[39m [36mimport[39m { useTranslation } [36mfrom[39m [32m'@/lib/i18n'[39m[33m;[39m
 [90m 6 |[39m [36mimport[39m [33mDashboardLayout[39m [36mfrom[39m 
[32m'@/components/DashboardLayout'[39m[33m;[39m
 [90m 7 |[39m [36mimport[39m [33mReportHeader[39m [36mfrom[39m 
[32m'@/components/ReportHeader'[39m[33m;[39m[0m

You're importing a component that needs `useState`. This React Hook only works in a Client Component. To fix, mark the 
file (or its parent) with the `"use client"` directive.

 Learn more: https://nextjs.org/docs/app/api-reference/directives/use-client




./src/app/reports/general-ledger/page.tsx:2:1
Ecmascript file had an error
[0m [90m 1 |[39m [36mimport[39m { [33mCurrency[39m } [36mfrom[39m [32m'@/components/Currency'[39m[33m;[39m
[31m[1m>[22m[39m[90m 2 |[39m [32m'use client'[39m[33m;[39m
 [90m   |[39m [31m[1m^[22m[39m[31m[1m^[22m[39m[31m[1m^[22m[39m[31m[1m^[22m[39m[31m[1m^[22m[39m[3
1m[1m^[22m[39m[31m[1m^[22m[39m[31m[1m^[22m[39m[31m[1m^[22m[39m[31m[1m^[22m[39m[31m[1m^[22m[39m[
31m[1m^[22m[39m[31m[1m^[22m[39m
 [90m 3 |[39m
 [90m 4 |[39m [36mimport[39m [33mReact[39m[33m,[39m { useEffect[33m,[39m useState[33m,[39m useRef } 
[36mfrom[39m [32m'react'[39m[33m;[39m
 [90m 5 |[39m [36mimport[39m { useTranslation } [36mfrom[39m [32m'@/lib/i18n'[39m[33m;[39m[0m

The "use client" directive must be placed before other expressions. Move it to the top of the file to resolve this 
issue.


./src/app/reports/general-ledger/page.tsx:4:17
Ecmascript file had an error
[0m [90m 2 |[39m [32m'use client'[39m[33m;[39m
 [90m 3 |[39m
[31m[1m>[22m[39m[90m 4 |[39m [36mimport[39m [33mReact[39m[33m,[39m { useEffect[33m,[39m 
useState[33m,[39m useRef } [36mfrom[39m [32m'react'[39m[33m;[39m
 [90m   |[39m                 [31m[1m^[22m[39m[31m[1m^[22m[39m[31m[1m^[22m[39m[31m[1m^[22m[39m[31m[
1m^[22m[39m[31m[1m^[22m[39m[31m[1m^[22m[39m[31m[1m^[22m[39m[31m[1m^[22m[39m
 [90m 5 |[39m [36mimport[39m { useTranslation } [36mfrom[39m [32m'@/lib/i18n'[39m[33m;[39m
 [90m 6 |[39m [36mimport[39m [33mDashboardLayout[39m [36mfrom[39m 
[32m'@/components/DashboardLayout'[39m[33m;[39m
 [90m 7 |[39m [36mimport[39m [33mReportHeader[39m [36mfrom[39m 
[32m'@/components/ReportHeader'[39m[33m;[39m[0m

You're importing a component that needs `useEffect`. This React Hook only works in a Client Component. To fix, mark 
the file (or its parent) with the `"use client"` directive.

 Learn more: https://nextjs.org/docs/app/api-reference/directives/use-client




./src/app/reports/general-ledger/page.tsx:4:38
Ecmascript file had an error
[0m [90m 2 |[39m [32m'use client'[39m[33m;[39m
 [90m 3 |[39m
[31m[1m>[22m[39m[90m 4 |[39m [36mimport[39m [33mReact[39m[33m,[39m { useEffect[33m,[39m 
useState[33m,[39m useRef } [36mfrom[39m [32m'react'[39m[33m;[39m
 [90m   |[39m                                      [31m[1m^[22m[39m[31m[1m^[22m[39m[31m[1m^[22m[39m[31m
[1m^[22m[39m[31m[1m^[22m[39m[31m[1m^[22m[39m
 [90m 5 |[39m [36mimport[39m { useTranslation } [36mfrom[39m [32m'@/lib/i18n'[39m[33m;[39m
 [90m 6 |[39m [36mimport[39m [33mDashboardLayout[39m [36mfrom[39m 
[32m'@/components/DashboardLayout'[39m[33m;[39m
 [90m 7 |[39m [36mimport[39m [33mReportHeader[39m [36mfrom[39m 
[32m'@/components/ReportHeader'[39m[33m;[39m[0m

You're importing a component that needs `useRef`. This React Hook only works in a Client Component. To fix, mark the 
file (or its parent) with the `"use client"` directive.

 Learn more: https://nextjs.org/docs/app/api-reference/directives/use-client




./src/app/reports/general-ledger/page.tsx:4:28
Ecmascript file had an error
[0m [90m 2 |[39m [32m'use client'[39m[33m;[39m
 [90m 3 |[39m
[31m[1m>[22m[39m[90m 4 |[39m [36mimport[39m [33mReact[39m[33m,[39m { useEffect[33m,[39m 
useState[33m,[39m useRef } [36mfrom[39m [32m'react'[39m[33m;[39m
 [90m   |[39m                            [31m[1m^[22m[39m[31m[1m^[22m[39m[31m[1m^[22m[39m[31m[1m^[22m
[39m[31m[1m^[22m[39m[31m[1m^[22m[39m[31m[1m^[22m[39m[31m[1m^[22m[39m
 [90m 5 |[39m [36mimport[39m { useTranslation } [36mfrom[39m [32m'@/lib/i18n'[39m[33m;[39m
 [90m 6 |[39m [36mimport[39m [33mDashboardLayout[39m [36mfrom[39m 
[32m'@/components/DashboardLayout'[39m[33m;[39m
 [90m 7 |[39m [36mimport[39m [33mReportHeader[39m [36mfrom[39m 
[32m'@/components/ReportHeader'[39m[33m;[39m[0m

You're importing a component that needs `useState`. This React Hook only works in a Client Component. To fix, mark the 
file (or its parent) with the `"use client"` directive.

 Learn more: https://nextjs.org/docs/app/api-reference/directives/use-client




./src/app/reports/income-statement/page.tsx:2:1
Ecmascript file had an error
[0m [90m 1 |[39m [36mimport[39m { [33mCurrency[39m } [36mfrom[39m [32m'@/components/Currency'[39m[33m;[39m
[31m[1m>[22m[39m[90m 2 |[39m [32m'use client'[39m[33m;[39m
 [90m   |[39m [31m[1m^[22m[39m[31m[1m^[22m[39m[31m[1m^[22m[39m[31m[1m^[22m[39m[31m[1m^[22m[39m[3
1m[1m^[22m[39m[31m[1m^[22m[39m[31m[1m^[22m[39m[31m[1m^[22m[39m[31m[1m^[22m[39m[31m[1m^[22m[39m[
31m[1m^[22m[39m[31m[1m^[22m[39m
 [90m 3 |[39m
 [90m 4 |[39m [36mimport[39m [33mReact[39m[33m,[39m { useState[33m,[39m useEffect } [36mfrom[39m 
[32m'react'[39m[33m;[39m
 [90m 5 |[39m [36mimport[39m { useTranslation } [36mfrom[39m [32m'@/lib/i18n'[39m[33m;[39m[0m

The "use client" directive must be placed before other expressions. Move it to the top of the file to resolve this 
issue.


./src/app/reports/income-statement/page.tsx:4:27
Ecmascript file had an error
[0m [90m 2 |[39m [32m'use client'[39m[33m;[39m
 [90m 3 |[39m
[31m[1m>[22m[39m[90m 4 |[39m [36mimport[39m [33mReact[39m[33m,[39m { useState[33m,[39m useEffect } 
[36mfrom[39m [32m'react'[39m[33m;[39m
 [90m   |[39m                           [31m[1m^[22m[39m[31m[1m^[22m[39m[31m[1m^[22m[39m[31m[1m^[22m[
39m[31m[1m^[22m[39m[31m[1m^[22m[39m[31m[1m^[22m[39m[31m[1m^[22m[39m[31m[1m^[22m[39m
 [90m 5 |[39m [36mimport[39m { useTranslation } [36mfrom[39m [32m'@/lib/i18n'[39m[33m;[39m
 [90m 6 |[39m [36mimport[39m [33mDashboardLayout[39m [36mfrom[39m 
[32m'@/components/DashboardLayout'[39m[33m;[39m
 [90m 7 |[39m [36mimport[39m [33mReportHeader[39m [36mfrom[39m 
[32m'@/components/ReportHeader'[39m[33m;[39m[0m

You're importing a component that needs `useEffect`. This React Hook only works in a Client Component. To fix, mark 
the file (or its parent) with the `"use client"` directive.

 Learn more: https://nextjs.org/docs/app/api-reference/directives/use-client




./src/app/reports/income-statement/page.tsx:4:17
Ecmascript file had an error
[0m [90m 2 |[39m [32m'use client'[39m[33m;[39m
 [90m 3 |[39m
[31m[1m>[22m[39m[90m 4 |[39m [36mimport[39m [33mReact[39m[33m,[39m { useState[33m,[39m useEffect } 
[36mfrom[39m [32m'react'[39m[33m;[39m
 [90m   |[39m                 [31m[1m^[22m[39m[31m[1m^[22m[39m[31m[1m^[22m[39m[31m[1m^[22m[39m[31m[
1m^[22m[39m[31m[1m^[22m[39m[31m[1m^[22m[39m[31m[1m^[22m[39m
 [90m 5 |[39m [36mimport[39m { useTranslation } [36mfrom[39m [32m'@/lib/i18n'[39m[33m;[39m
 [90m 6 |[39m [36mimport[39m [33mDashboardLayout[39m [36mfrom[39m 
[32m'@/components/DashboardLayout'[39m[33m;[39m
 [90m 7 |[39m [36mimport[39m [33mReportHeader[39m [36mfrom[39m 
[32m'@/components/ReportHeader'[39m[33m;[39m[0m

You're importing a component that needs `useState`. This React Hook only works in a Client Component. To fix, mark the 
file (or its parent) with the `"use client"` directive.

 Learn more: https://nextjs.org/docs/app/api-reference/directives/use-client




./src/app/reports/payroll-statement/page.tsx:2:1
Ecmascript file had an error
[0m [90m 1 |[39m [36mimport[39m { [33mCurrency[39m } [36mfrom[39m [32m'@/components/Currency'[39m[33m;[39m
[31m[1m>[22m[39m[90m 2 |[39m [32m'use client'[39m[33m;[39m
 [90m   |[39m [31m[1m^[22m[39m[31m[1m^[22m[39m[31m[1m^[22m[39m[31m[1m^[22m[39m[31m[1m^[22m[39m[3
1m[1m^[22m[39m[31m[1m^[22m[39m[31m[1m^[22m[39m[31m[1m^[22m[39m[31m[1m^[22m[39m[31m[1m^[22m[39m[
31m[1m^[22m[39m[31m[1m^[22m[39m
 [90m 3 |[39m
 [90m 4 |[39m [36mimport[39m [33mDashboardLayout[39m [36mfrom[39m 
[32m'@/components/DashboardLayout'[39m[33m;[39m
 [90m 5 |[39m [36mimport[39m { useTranslation } [36mfrom[39m [32m'@/lib/i18n'[39m[33m;[39m[0m

The "use client" directive must be placed before other expressions. Move it to the top of the file to resolve this 
issue.


./src/app/reports/payroll-statement/page.tsx:9:10
Ecmascript file had an error
[0m [90m  7 |[39m [36mimport[39m { useSession } [36mfrom[39m [32m'next-auth/react'[39m[33m;[39m
 [90m  8 |[39m [36mimport[39m [33mReportHeader[39m [36mfrom[39m 
[32m'@/components/ReportHeader'[39m[33m;[39m
[31m[1m>[22m[39m[90m  9 |[39m [36mimport[39m { useEffect[33m,[39m useState } [36mfrom[39m 
[32m'react'[39m[33m;[39m
 [90m    |[39m          [31m[1m^[22m[39m[31m[1m^[22m[39m[31m[1m^[22m[39m[31m[1m^[22m[39m[31m[1m^[2
2m[39m[31m[1m^[22m[39m[31m[1m^[22m[39m[31m[1m^[22m[39m[31m[1m^[22m[39m
 [90m 10 |[39m [36mimport[39m { [33mDollarSign[39m[33m,[39m [33mSearch[39m[33m,[39m 
[33mCalendar[39m[33m,[39m [33mWallet[39m[33m,[39m [33mArrowUpRight[39m[33m,[39m 
[33mTrendingDown[39m[33m,[39m [33mLoader2[39m[33m,[39m [33mUsers[39m } [36mfrom[39m 
[32m'lucide-react'[39m[33m;[39m
 [90m 11 |[39m
 [90m 12 |[39m [36mconst[39m getCurrencyName [33m=[39m (code[33m:[39m string) [33m=>[39m {[0m

You're importing a component that needs `useEffect`. This React Hook only works in a Client Component. To fix, mark 
the file (or its parent) with the `"use client"` directive.

 Learn more: https://nextjs.org/docs/app/api-reference/directives/use-client




./src/app/reports/payroll-statement/page.tsx:9:21
Ecmascript file had an error
[0m [90m  7 |[39m [36mimport[39m { useSession } [36mfrom[39m [32m'next-auth/react'[39m[33m;[39m
 [90m  8 |[39m [36mimport[39m [33mReportHeader[39m [36mfrom[39m 
[32m'@/components/ReportHeader'[39m[33m;[39m
[31m[1m>[22m[39m[90m  9 |[39m [36mimport[39m { useEffect[33m,[39m useState } [36mfrom[39m 
[32m'react'[39m[33m;[39m
 [90m    |[39m                     [31m[1m^[22m[39m[31m[1m^[22m[39m[31m[1m^[22m[39m[31m[1m^[22m[39m[
31m[1m^[22m[39m[31m[1m^[22m[39m[31m[1m^[22m[39m[31m[1m^[22m[39m
 [90m 10 |[39m [36mimport[39m { [33mDollarSign[39m[33m,[39m [33mSearch[39m[33m,[39m 
[33mCalendar[39m[33m,[39m [33mWallet[39m[33m,[39m [33mArrowUpRight[39m[33m,[39m 
[33mTrendingDown[39m[33m,[39m [33mLoader2[39m[33m,[39m [33mUsers[39m } [36mfrom[39m 
[32m'lucide-react'[39m[33m;[39m
 [90m 11 |[39m
 [90m 12 |[39m [36mconst[39m getCurrencyName [33m=[39m (code[33m:[39m string) [33m=>[39m {[0m

You're importing a component that needs `useState`. This React Hook only works in a Client Component. To fix, mark the 
file (or its parent) with the `"use client"` directive.

 Learn more: https://nextjs.org/docs/app/api-reference/directives/use-client




./src/app/reports/purchases-report/page.tsx:2:1
Ecmascript file had an error
[0m [90m 1 |[39m [36mimport[39m { [33mCurrency[39m } [36mfrom[39m [32m'@/components/Currency'[39m[33m;[39m
[31m[1m>[22m[39m[90m 2 |[39m [32m'use client'[39m[33m;[39m
 [90m   |[39m [31m[1m^[22m[39m[31m[1m^[22m[39m[31m[1m^[22m[39m[31m[1m^[22m[39m[31m[1m^[22m[39m[3
1m[1m^[22m[39m[31m[1m^[22m[39m[31m[1m^[22m[39m[31m[1m^[22m[39m[31m[1m^[22m[39m[31m[1m^[22m[39m[
31m[1m^[22m[39m[31m[1m^[22m[39m
 [90m 3 |[39m
 [90m 4 |[39m [36mimport[39m [33mDashboardLayout[39m [36mfrom[39m 
[32m'@/components/DashboardLayout'[39m[33m;[39m
 [90m 5 |[39m [36mimport[39m { useTranslation } [36mfrom[39m [32m'@/lib/i18n'[39m[33m;[39m[0m

The "use client" directive must be placed before other expressions. Move it to the top of the file to resolve this 
issue.


./src/app/reports/purchases-report/page.tsx:9:10
Ecmascript file had an error
[0m [90m  7 |[39m [36mimport[39m { useSession } [36mfrom[39m [32m'next-auth/react'[39m[33m;[39m
 [90m  8 |[39m [36mimport[39m [33mReportHeader[39m [36mfrom[39m 
[32m'@/components/ReportHeader'[39m[33m;[39m
[31m[1m>[22m[39m[90m  9 |[39m [36mimport[39m { useEffect[33m,[39m useState } [36mfrom[39m 
[32m'react'[39m[33m;[39m
 [90m    |[39m          [31m[1m^[22m[39m[31m[1m^[22m[39m[31m[1m^[22m[39m[31m[1m^[22m[39m[31m[1m^[2
2m[39m[31m[1m^[22m[39m[31m[1m^[22m[39m[31m[1m^[22m[39m[31m[1m^[22m[39m
 [90m 10 |[39m [36mimport[39m { [33mShoppingCart[39m[33m,[39m [33mSearch[39m[33m,[39m 
[33mCalendar[39m[33m,[39m [33mLoader2[39m[33m,[39m [33mArrowUpRight[39m[33m,[39m 
[33mArrowDownRight[39m[33m,[39m [33mActivity[39m[33m,[39m [33mDollarSign[39m } [36mfrom[39m 
[32m'lucide-react'[39m[33m;[39m
 [90m 11 |[39m [36mimport[39m [33mCustomSelect[39m [36mfrom[39m 
[32m'@/components/CustomSelect'[39m[33m;[39m
 [90m 12 |[39m[0m

You're importing a component that needs `useEffect`. This React Hook only works in a Client Component. To fix, mark 
the file (or its parent) with the `"use client"` directive.

 Learn more: https://nextjs.org/docs/app/api-reference/directives/use-client




./src/app/reports/purchases-report/page.tsx:9:21
Ecmascript file had an error
[0m [90m  7 |[39m [36mimport[39m { useSession } [36mfrom[39m [32m'next-auth/react'[39m[33m;[39m
 [90m  8 |[39m [36mimport[39m [33mReportHeader[39m [36mfrom[39m 
[32m'@/components/ReportHeader'[39m[33m;[39m
[31m[1m>[22m[39m[90m  9 |[39m [36mimport[39m { useEffect[33m,[39m useState } [36mfrom[39m 
[32m'react'[39m[33m;[39m
 [90m    |[39m                     [31m[1m^[22m[39m[31m[1m^[22m[39m[31m[1m^[22m[39m[31m[1m^[22m[39m[
31m[1m^[22m[39m[31m[1m^[22m[39m[31m[1m^[22m[39m[31m[1m^[22m[39m
 [90m 10 |[39m [36mimport[39m { [33mShoppingCart[39m[33m,[39m [33mSearch[39m[33m,[39m 
[33mCalendar[39m[33m,[39m [33mLoader2[39m[33m,[39m [33mArrowUpRight[39m[33m,[39m 
[33mArrowDownRight[39m[33m,[39m [33mActivity[39m[33m,[39m [33mDollarSign[39m } [36mfrom[39m 
[32m'lucide-react'[39m[33m;[39m
 [90m 11 |[39m [36mimport[39m [33mCustomSelect[39m [36mfrom[39m 
[32m'@/components/CustomSelect'[39m[33m;[39m
 [90m 12 |[39m[0m

You're importing a component that needs `useState`. This React Hook only works in a Client Component. To fix, mark the 
file (or its parent) with the `"use client"` directive.

 Learn more: https://nextjs.org/docs/app/api-reference/directives/use-client




./src/app/reports/returns-report/page.tsx:2:1
Ecmascript file had an error
[0m [90m 1 |[39m [36mimport[39m { [33mCurrency[39m } [36mfrom[39m [32m'@/components/Currency'[39m[33m;[39m
[31m[1m>[22m[39m[90m 2 |[39m [32m'use client'[39m[33m;[39m
 [90m   |[39m [31m[1m^[22m[39m[31m[1m^[22m[39m[31m[1m^[22m[39m[31m[1m^[22m[39m[31m[1m^[22m[39m[3
1m[1m^[22m[39m[31m[1m^[22m[39m[31m[1m^[22m[39m[31m[1m^[22m[39m[31m[1m^[22m[39m[31m[1m^[22m[39m[
31m[1m^[22m[39m[31m[1m^[22m[39m
 [90m 3 |[39m [36mimport[39m [33mReact[39m[33m,[39m { useEffect[33m,[39m useState } [36mfrom[39m 
[32m'react'[39m[33m;[39m
 [90m 4 |[39m [36mimport[39m { useTranslation } [36mfrom[39m [32m'@/lib/i18n'[39m[33m;[39m
 [90m 5 |[39m[0m

The "use client" directive must be placed before other expressions. Move it to the top of the file to resolve this 
issue.


./src/app/reports/returns-report/page.tsx:3:17
Ecmascript file had an error
[0m [90m 1 |[39m [36mimport[39m { [33mCurrency[39m } [36mfrom[39m [32m'@/components/Currency'[39m[33m;[39m
 [90m 2 |[39m [32m'use client'[39m[33m;[39m
[31m[1m>[22m[39m[90m 3 |[39m [36mimport[39m [33mReact[39m[33m,[39m { useEffect[33m,[39m useState } 
[36mfrom[39m [32m'react'[39m[33m;[39m
 [90m   |[39m                 [31m[1m^[22m[39m[31m[1m^[22m[39m[31m[1m^[22m[39m[31m[1m^[22m[39m[31m[
1m^[22m[39m[31m[1m^[22m[39m[31m[1m^[22m[39m[31m[1m^[22m[39m[31m[1m^[22m[39m
 [90m 4 |[39m [36mimport[39m { useTranslation } [36mfrom[39m [32m'@/lib/i18n'[39m[33m;[39m
 [90m 5 |[39m
 [90m 6 |[39m [36mimport[39m { [33mC[39m[33m,[39m [33mCAIRO[39m[33m,[39m [33mPAGE_BASE[39m[33m,[39m 
[33mIS[39m[33m,[39m [33mINTER[39m } [36mfrom[39m [32m'@/constants/theme'[39m[33m;[39m[0m

You're importing a component that needs `useEffect`. This React Hook only works in a Client Component. To fix, mark 
the file (or its parent) with the `"use client"` directive.

 Learn more: https://nextjs.org/docs/app/api-reference/directives/use-client




./src/app/reports/returns-report/page.tsx:3:28
Ecmascript file had an error
[0m [90m 1 |[39m [36mimport[39m { [33mCurrency[39m } [36mfrom[39m [32m'@/components/Currency'[39m[33m;[39m
 [90m 2 |[39m [32m'use client'[39m[33m;[39m
[31m[1m>[22m[39m[90m 3 |[39m [36mimport[39m [33mReact[39m[33m,[39m { useEffect[33m,[39m useState } 
[36mfrom[39m [32m'react'[39m[33m;[39m
 [90m   |[39m                            [31m[1m^[22m[39m[31m[1m^[22m[39m[31m[1m^[22m[39m[31m[1m^[22m
[39m[31m[1m^[22m[39m[31m[1m^[22m[39m[31m[1m^[22m[39m[31m[1m^[22m[39m
 [90m 4 |[39m [36mimport[39m { useTranslation } [36mfrom[39m [32m'@/lib/i18n'[39m[33m;[39m
 [90m 5 |[39m
 [90m 6 |[39m [36mimport[39m { [33mC[39m[33m,[39m [33mCAIRO[39m[33m,[39m [33mPAGE_BASE[39m[33m,[39m 
[33mIS[39m[33m,[39m [33mINTER[39m } [36mfrom[39m [32m'@/constants/theme'[39m[33m;[39m[0m

You're importing a component that needs `useState`. This React Hook only works in a Client Component. To fix, mark the 
file (or its parent) with the `"use client"` directive.

 Learn more: https://nextjs.org/docs/app/api-reference/directives/use-client




./src/app/reports/sales-report/page.tsx:2:1
Ecmascript file had an error
[0m [90m 1 |[39m [36mimport[39m { [33mCurrency[39m } [36mfrom[39m [32m'@/components/Currency'[39m[33m;[39m
[31m[1m>[22m[39m[90m 2 |[39m [32m'use client'[39m[33m;[39m
 [90m   |[39m [31m[1m^[22m[39m[31m[1m^[22m[39m[31m[1m^[22m[39m[31m[1m^[22m[39m[31m[1m^[22m[39m[3
1m[1m^[22m[39m[31m[1m^[22m[39m[31m[1m^[22m[39m[31m[1m^[22m[39m[31m[1m^[22m[39m[31m[1m^[22m[39m[
31m[1m^[22m[39m[31m[1m^[22m[39m
 [90m 3 |[39m
 [90m 4 |[39m [36mimport[39m [33mDashboardLayout[39m [36mfrom[39m 
[32m'@/components/DashboardLayout'[39m[33m;[39m
 [90m 5 |[39m [36mimport[39m { useTranslation } [36mfrom[39m [32m'@/lib/i18n'[39m[33m;[39m[0m

The "use client" directive must be placed before other expressions. Move it to the top of the file to resolve this 
issue.


./src/app/reports/sales-report/page.tsx:7:10
Ecmascript file had an error
[0m [90m  5 |[39m [36mimport[39m { useTranslation } [36mfrom[39m [32m'@/lib/i18n'[39m[33m;[39m
 [90m  6 |[39m [36mimport[39m { useCurrency } [36mfrom[39m [32m'@/hooks/useCurrency'[39m[33m;[39m
[31m[1m>[22m[39m[90m  7 |[39m [36mimport[39m { useEffect[33m,[39m useState } [36mfrom[39m 
[32m'react'[39m[33m;[39m
 [90m    |[39m          [31m[1m^[22m[39m[31m[1m^[22m[39m[31m[1m^[22m[39m[31m[1m^[22m[39m[31m[1m^[2
2m[39m[31m[1m^[22m[39m[31m[1m^[22m[39m[31m[1m^[22m[39m[31m[1m^[22m[39m
 [90m  8 |[39m [36mimport[39m { [33mBarChart3[39m[33m,[39m [33mSearch[39m[33m,[39m 
[33mCalendar[39m[33m,[39m [33mWallet[39m[33m,[39m [33mArrowUpRight[39m[33m,[39m 
[33mArrowDownRight[39m[33m,[39m [33mActivity[39m[33m,[39m [33mLoader2[39m } [36mfrom[39m 
[32m'lucide-react'[39m[33m;[39m
 [90m  9 |[39m [36mimport[39m { useSession } [36mfrom[39m [32m'next-auth/react'[39m[33m;[39m
 [90m 10 |[39m [36mimport[39m [33mReportHeader[39m [36mfrom[39m 
[32m'@/components/ReportHeader'[39m[33m;[39m[0m

You're importing a component that needs `useEffect`. This React Hook only works in a Client Component. To fix, mark 
the file (or its parent) with the `"use client"` directive.

 Learn more: https://nextjs.org/docs/app/api-reference/directives/use-client




./src/app/reports/sales-report/page.tsx:7:21
Ecmascript file had an error
[0m [90m  5 |[39m [36mimport[39m { useTranslation } [36mfrom[39m [32m'@/lib/i18n'[39m[33m;[39m
 [90m  6 |[39m [36mimport[39m { useCurrency } [36mfrom[39m [32m'@/hooks/useCurrency'[39m[33m;[39m
[31m[1m>[22m[39m[90m  7 |[39m [36mimport[39m { useEffect[33m,[39m useState } [36mfrom[39m 
[32m'react'[39m[33m;[39m
 [90m    |[39m                     [31m[1m^[22m[39m[31m[1m^[22m[39m[31m[1m^[22m[39m[31m[1m^[22m[39m[
31m[1m^[22m[39m[31m[1m^[22m[39m[31m[1m^[22m[39m[31m[1m^[22m[39m
 [90m  8 |[39m [36mimport[39m { [33mBarChart3[39m[33m,[39m [33mSearch[39m[33m,[39m 
[33mCalendar[39m[33m,[39m [33mWallet[39m[33m,[39m [33mArrowUpRight[39m[33m,[39m 
[33mArrowDownRight[39m[33m,[39m [33mActivity[39m[33m,[39m [33mLoader2[39m } [36mfrom[39m 
[32m'lucide-react'[39m[33m;[39m
 [90m  9 |[39m [36mimport[39m { useSession } [36mfrom[39m [32m'next-auth/react'[39m[33m;[39m
 [90m 10 |[39m [36mimport[39m [33mReportHeader[39m [36mfrom[39m 
[32m'@/components/ReportHeader'[39m[33m;[39m[0m

You're importing a component that needs `useState`. This React Hook only works in a Client Component. To fix, mark the 
file (or its parent) with the `"use client"` directive.

 Learn more: https://nextjs.org/docs/app/api-reference/directives/use-client




./src/app/reports/trial-balance/page.tsx:2:1
Ecmascript file had an error
[0m [90m 1 |[39m [36mimport[39m { [33mCurrency[39m } [36mfrom[39m [32m'@/components/Currency'[39m[33m;[39m
[31m[1m>[22m[39m[90m 2 |[39m [32m'use client'[39m[33m;[39m
 [90m   |[39m [31m[1m^[22m[39m[31m[1m^[22m[39m[31m[1m^[22m[39m[31m[1m^[22m[39m[31m[1m^[22m[39m[3
1m[1m^[22m[39m[31m[1m^[22m[39m[31m[1m^[22m[39m[31m[1m^[22m[39m[31m[1m^[22m[39m[31m[1m^[22m[39m[
31m[1m^[22m[39m[31m[1m^[22m[39m
 [90m 3 |[39m
 [90m 4 |[39m [36mimport[39m [33mReact[39m[33m,[39m { useState[33m,[39m useEffect } [36mfrom[39m 
[32m'react'[39m[33m;[39m
 [90m 5 |[39m [36mimport[39m { useTranslation } [36mfrom[39m [32m'@/lib/i18n'[39m[33m;[39m[0m

The "use client" directive must be placed before other expressions. Move it to the top of the file to resolve this 
issue.


./src/app/reports/trial-balance/page.tsx:4:27
Ecmascript file had an error
[0m [90m 2 |[39m [32m'use client'[39m[33m;[39m
 [90m 3 |[39m
[31m[1m>[22m[39m[90m 4 |[39m [36mimport[39m [33mReact[39m[33m,[39m { useState[33m,[39m useEffect } 
[36mfrom[39m [32m'react'[39m[33m;[39m
 [90m   |[39m                           [31m[1m^[22m[39m[31m[1m^[22m[39m[31m[1m^[22m[39m[31m[1m^[22m[
39m[31m[1m^[22m[39m[31m[1m^[22m[39m[31m[1m^[22m[39m[31m[1m^[22m[39m[31m[1m^[22m[39m
 [90m 5 |[39m [36mimport[39m { useTranslation } [36mfrom[39m [32m'@/lib/i18n'[39m[33m;[39m
 [90m 6 |[39m [36mimport[39m [33mDashboardLayout[39m [36mfrom[39m 
[32m'@/components/DashboardLayout'[39m[33m;[39m
 [90m 7 |[39m [36mimport[39m [33mReportHeader[39m [36mfrom[39m 
[32m'@/components/ReportHeader'[39m[33m;[39m[0m

You're importing a component that needs `useEffect`. This React Hook only works in a Client Component. To fix, mark 
the file (or its parent) with the `"use client"` directive.

 Learn more: https://nextjs.org/docs/app/api-reference/directives/use-client




./src/app/reports/trial-balance/page.tsx:4:17
Ecmascript file had an error
[0m [90m 2 |[39m [32m'use client'[39m[33m;[39m
 [90m 3 |[39m
[31m[1m>[22m[39m[90m 4 |[39m [36mimport[39m [33mReact[39m[33m,[39m { useState[33m,[39m useEffect } 
[36mfrom[39m [32m'react'[39m[33m;[39m
 [90m   |[39m                 [31m[1m^[22m[39m[31m[1m^[22m[39m[31m[1m^[22m[39m[31m[1m^[22m[39m[31m[
1m^[22m[39m[31m[1m^[22m[39m[31m[1m^[22m[39m[31m[1m^[22m[39m
 [90m 5 |[39m [36mimport[39m { useTranslation } [36mfrom[39m [32m'@/lib/i18n'[39m[33m;[39m
 [90m 6 |[39m [36mimport[39m [33mDashboardLayout[39m [36mfrom[39m 
[32m'@/components/DashboardLayout'[39m[33m;[39m
 [90m 7 |[39m [36mimport[39m [33mReportHeader[39m [36mfrom[39m 
[32m'@/components/ReportHeader'[39m[33m;[39m[0m

You're importing a component that needs `useState`. This React Hook only works in a Client Component. To fix, mark the 
file (or its parent) with the `"use client"` directive.

 Learn more: https://nextjs.org/docs/app/api-reference/directives/use-client




./src/app/suppliers/page.tsx:2:1
Ecmascript file had an error
[0m [90m 1 |[39m [36mimport[39m { [33mCurrency[39m } [36mfrom[39m [32m'@/components/Currency'[39m[33m;[39m
[31m[1m>[22m[39m[90m 2 |[39m [32m'use client'[39m[33m;[39m
 [90m   |[39m [31m[1m^[22m[39m[31m[1m^[22m[39m[31m[1m^[22m[39m[31m[1m^[22m[39m[31m[1m^[22m[39m[3
1m[1m^[22m[39m[31m[1m^[22m[39m[31m[1m^[22m[39m[31m[1m^[22m[39m[31m[1m^[22m[39m[31m[1m^[22m[39m[
31m[1m^[22m[39m[31m[1m^[22m[39m
 [90m 3 |[39m
 [90m 4 |[39m [36mimport[39m [33mReact[39m[33m,[39m { useState[33m,[39m useEffect[33m,[39m useCallback } 
[36mfrom[39m [32m'react'[39m[33m;[39m
 [90m 5 |[39m [36mimport[39m { useTranslation } [36mfrom[39m [32m'@/lib/i18n'[39m[33m;[39m[0m

The "use client" directive must be placed before other expressions. Move it to the top of the file to resolve this 
issue.


./src/app/suppliers/page.tsx:4:27
Ecmascript file had an error
[0m [90m 2 |[39m [32m'use client'[39m[33m;[39m
 [90m 3 |[39m
[31m[1m>[22m[39m[90m 4 |[39m [36mimport[39m [33mReact[39m[33m,[39m { useState[33m,[39m 
useEffect[33m,[39m useCallback } [36mfrom[39m [32m'react'[39m[33m;[39m
 [90m   |[39m                           [31m[1m^[22m[39m[31m[1m^[22m[39m[31m[1m^[22m[39m[31m[1m^[22m[
39m[31m[1m^[22m[39m[31m[1m^[22m[39m[31m[1m^[22m[39m[31m[1m^[22m[39m[31m[1m^[22m[39m
 [90m 5 |[39m [36mimport[39m { useTranslation } [36mfrom[39m [32m'@/lib/i18n'[39m[33m;[39m
 [90m 6 |[39m [36mimport[39m [33mDashboardLayout[39m [36mfrom[39m 
[32m'@/components/DashboardLayout'[39m[33m;[39m
 [90m 7 |[39m [36mimport[39m {[0m

You're importing a component that needs `useEffect`. This React Hook only works in a Client Component. To fix, mark 
the file (or its parent) with the `"use client"` directive.

 Learn more: https://nextjs.org/docs/app/api-reference/directives/use-client




./src/app/suppliers/page.tsx:4:17
Ecmascript file had an error
[0m [90m 2 |[39m [32m'use client'[39m[33m;[39m
 [90m 3 |[39m
[31m[1m>[22m[39m[90m 4 |[39m [36mimport[39m [33mReact[39m[33m,[39m { useState[33m,[39m 
useEffect[33m,[39m useCallback } [36mfrom[39m [32m'react'[39m[33m;[39m
 [90m   |[39m                 [31m[1m^[22m[39m[31m[1m^[22m[39m[31m[1m^[22m[39m[31m[1m^[22m[39m[31m[
1m^[22m[39m[31m[1m^[22m[39m[31m[1m^[22m[39m[31m[1m^[22m[39m
 [90m 5 |[39m [36mimport[39m { useTranslation } [36mfrom[39m [32m'@/lib/i18n'[39m[33m;[39m
 [90m 6 |[39m [36mimport[39m [33mDashboardLayout[39m [36mfrom[39m 
[32m'@/components/DashboardLayout'[39m[33m;[39m
 [90m 7 |[39m [36mimport[39m {[0m

You're importing a component that needs `useState`. This React Hook only works in a Client Component. To fix, mark the 
file (or its parent) with the `"use client"` directive.

 Learn more: https://nextjs.org/docs/app/api-reference/directives/use-client




./src/components/AppModal.tsx:1:17
Ecmascript file had an error
[0m[31m[1m>[22m[39m[90m 1 |[39m [36mimport[39m [33mReact[39m[33m,[39m { useEffect[33m,[39m useState } 
[36mfrom[39m [32m'react'[39m[33m;[39m
 [90m   |[39m                 [31m[1m^[22m[39m[31m[1m^[22m[39m[31m[1m^[22m[39m[31m[1m^[22m[39m[31m[
1m^[22m[39m[31m[1m^[22m[39m[31m[1m^[22m[39m[31m[1m^[22m[39m[31m[1m^[22m[39m
 [90m 2 |[39m [36mimport[39m { [33mX[39m[33m,[39m [33mLucideIcon[39m[33m,[39m [33mTrash2[39m[33m,[39m 
[33mAlertTriangle[39m[33m,[39m [33mLoader2[39m } [36mfrom[39m [32m'lucide-react'[39m[33m;[39m
 [90m 3 |[39m [36mimport[39m { [33mTHEME[39m[33m,[39m [33mC[39m[33m,[39m [33mCAIRO[39m[33m,[39m 
[33mINTER[39m } [36mfrom[39m [32m'@/constants/theme'[39m[33m;[39m
 [90m 4 |[39m [36mimport[39m { useTranslation } [36mfrom[39m [32m'@/lib/i18n'[39m[33m;[39m[0m

You're importing a component that needs `useEffect`. This React Hook only works in a Client Component. To fix, mark 
the file (or its parent) with the `"use client"` directive.

 Learn more: https://nextjs.org/docs/app/api-reference/directives/use-client



Import traces:
  Server Component:
    ./src/components/AppModal.tsx
    ./src/app/customers/page.tsx

  Client Component Browser:
    ./src/components/AppModal.tsx [Client Component Browser]
    ./src/app/advances/page.tsx [Client Component Browser]
    ./src/app/advances/page.tsx [Server Component]

  Client Component SSR:
    ./src/components/AppModal.tsx [Client Component SSR]
    ./src/app/advances/page.tsx [Client Component SSR]
    ./src/app/advances/page.tsx [Server Component]


./src/components/AppModal.tsx:1:28
Ecmascript file had an error
[0m[31m[1m>[22m[39m[90m 1 |[39m [36mimport[39m [33mReact[39m[33m,[39m { useEffect[33m,[39m useState } 
[36mfrom[39m [32m'react'[39m[33m;[39m
 [90m   |[39m                            [31m[1m^[22m[39m[31m[1m^[22m[39m[31m[1m^[22m[39m[31m[1m^[22m
[39m[31m[1m^[22m[39m[31m[1m^[22m[39m[31m[1m^[22m[39m[31m[1m^[22m[39m
 [90m 2 |[39m [36mimport[39m { [33mX[39m[33m,[39m [33mLucideIcon[39m[33m,[39m [33mTrash2[39m[33m,[39m 
[33mAlertTriangle[39m[33m,[39m [33mLoader2[39m } [36mfrom[39m [32m'lucide-react'[39m[33m;[39m
 [90m 3 |[39m [36mimport[39m { [33mTHEME[39m[33m,[39m [33mC[39m[33m,[39m [33mCAIRO[39m[33m,[39m 
[33mINTER[39m } [36mfrom[39m [32m'@/constants/theme'[39m[33m;[39m
 [90m 4 |[39m [36mimport[39m { useTranslation } [36mfrom[39m [32m'@/lib/i18n'[39m[33m;[39m[0m

You're importing a component that needs `useState`. This React Hook only works in a Client Component. To fix, mark the 
file (or its parent) with the `"use client"` directive.

 Learn more: https://nextjs.org/docs/app/api-reference/directives/use-client



Import traces:
  Server Component:
    ./src/components/AppModal.tsx
    ./src/app/customers/page.tsx

  Client Component Browser:
    ./src/components/AppModal.tsx [Client Component Browser]
    ./src/app/advances/page.tsx [Client Component Browser]
    ./src/app/advances/page.tsx [Server Component]

  Client Component SSR:
    ./src/components/AppModal.tsx [Client Component SSR]
    ./src/app/advances/page.tsx [Client Component SSR]
    ./src/app/advances/page.tsx [Server Component]


./src/components/ReportHeader.tsx:2:10
Ecmascript file had an error
[0m [90m 1 |[39m [36mimport[39m { [33mArrowRight[39m[33m,[39m [33mArrowLeft[39m[33m,[39m 
[33mPrinter[39m[33m,[39m [33mFileSpreadsheet[39m } [36mfrom[39m [32m'lucide-react'[39m[33m;[39m
[31m[1m>[22m[39m[90m 2 |[39m [36mimport[39m { useRouter } [36mfrom[39m [32m'next/navigation'[39m[33m;[39m
 [90m   |[39m          [31m[1m^[22m[39m[31m[1m^[22m[39m[31m[1m^[22m[39m[31m[1m^[22m[39m[31m[1m^[22
m[39m[31m[1m^[22m[39m[31m[1m^[22m[39m[31m[1m^[22m[39m[31m[1m^[22m[39m
 [90m 3 |[39m [36mimport[39m { useTranslation } [36mfrom[39m [32m'@/lib/i18n'[39m[33m;[39m
 [90m 4 |[39m [36mimport[39m [33mReact[39m [36mfrom[39m [32m'react'[39m[33m;[39m
 [90m 5 |[39m [36mimport[39m { [33mTHEME[39m[33m,[39m [33mC[39m[33m,[39m [33mCAIRO[39m } [36mfrom[39m 
[32m'@/constants/theme'[39m[33m;[39m[0m

You're importing a component that needs `useRouter`. This React Hook only works in a Client Component. To fix, mark 
the file (or its parent) with the `"use client"` directive.

 Learn more: https://nextjs.org/docs/app/api-reference/directives/use-client



Import traces:
  Server Component:
    ./src/components/ReportHeader.tsx
    ./src/app/reports/balance-sheet/page.tsx

  Client Component Browser:
    ./src/components/ReportHeader.tsx [Client Component Browser]
    ./src/app/reports/aging-report/page.tsx [Client Component Browser]
    ./src/app/reports/aging-report/page.tsx [Server Component]

  Client Component SSR:
    ./src/components/ReportHeader.tsx [Client Component SSR]
    ./src/app/reports/aging-report/page.tsx [Client Component SSR]
    ./src/app/reports/aging-report/page.tsx [Server Component]


./src/app/customers
Invalid import
'client-only' cannot be imported from a Server Component module. It should only be used from a Client Component.
The error was caused by using 'styled-jsx'. It only works in a Client Component but none of its parents are marked 
with "use client", so they're Server Components by default.



./src/app/purchase-payments
Invalid import
'client-only' cannot be imported from a Server Component module. It should only be used from a Client Component.
The error was caused by using 'styled-jsx'. It only works in a Client Component but none of its parents are marked 
with "use client", so they're Server Components by default.



./src/app/quotations/[id]
Invalid import
'client-only' cannot be imported from a Server Component module. It should only be used from a Client Component.
The error was caused by using 'styled-jsx'. It only works in a Client Component but none of its parents are marked 
with "use client", so they're Server Components by default.



./src/app/quotations/new
Invalid import
'client-only' cannot be imported from a Server Component module. It should only be used from a Client Component.
The error was caused by using 'styled-jsx'. It only works in a Client Component but none of its parents are marked 
with "use client", so they're Server Components by default.



./src/app/receipts
Invalid import
'client-only' cannot be imported from a Server Component module. It should only be used from a Client Component.
The error was caused by using 'styled-jsx'. It only works in a Client Component but none of its parents are marked 
with "use client", so they're Server Components by default.



./src/components
Invalid import
'client-only' cannot be imported from a Server Component module. It should only be used from a Client Component.
The error was caused by using 'styled-jsx'. It only works in a Client Component but none of its parents are marked 
with "use client", so they're Server Components by default.



    at <unknown> (./src/app/customers/page.tsx:2:1)
    at <unknown> (./src/app/customers/page.tsx:4:27)
    at <unknown> (./src/app/customers/page.tsx:4:17)
    at <unknown> (./src/app/payments/page.tsx:2:1)
    at <unknown> (./src/app/payments/page.tsx:3:27)
    at <unknown> (./src/app/payments/page.tsx:3:51)
    at <unknown> (./src/app/payments/page.tsx:6:10)
    at <unknown> (./src/app/payments/page.tsx:3:17)
    at <unknown> (./src/app/purchase-payments/page.tsx:2:1)
    at <unknown> (./src/app/purchase-payments/page.tsx:3:27)
    at <unknown> (./src/app/purchase-payments/page.tsx:6:10)
    at <unknown> (./src/app/purchase-payments/page.tsx:3:17)
    at <unknown> (./src/app/purchase-returns/page.tsx:2:1)
    at <unknown> (./src/app/purchase-returns/page.tsx:3:27)
    at <unknown> (./src/app/purchase-returns/page.tsx:6:10)
    at <unknown> (./src/app/purchase-returns/page.tsx:3:17)
    at <unknown> (./src/app/quotations/[id]/page.tsx:2:1)
    at <unknown> (./src/app/quotations/[id]/page.tsx:3:27)
    at <unknown> (./src/app/quotations/[id]/page.tsx:6:21)
    at <unknown> (./src/app/quotations/[id]/page.tsx:6:10)
    at <unknown> (./src/app/quotations/[id]/page.tsx:3:17)
    at <unknown> (./src/app/quotations/new/page.tsx:2:1)
    at <unknown> (./src/app/quotations/new/page.tsx:3:27)
    at <unknown> (./src/app/quotations/new/page.tsx:3:51)
    at <unknown> (./src/app/quotations/new/page.tsx:7:10)
    at <unknown> (./src/app/quotations/new/page.tsx:3:17)
    at <unknown> (./src/app/receipts/page.tsx:2:1)
    at <unknown> (./src/app/receipts/page.tsx:3:27)
    at <unknown> (./src/app/receipts/page.tsx:3:51)
    at <unknown> (./src/app/receipts/page.tsx:6:10)
    at <unknown> (./src/app/receipts/page.tsx:3:17)
    at <unknown> (./src/app/reports/balance-sheet/page.tsx:2:1)
    at <unknown> (./src/app/reports/balance-sheet/page.tsx:4:27)
    at <unknown> (./src/app/reports/balance-sheet/page.tsx:4:17)
    at <unknown> (./src/app/reports/cash-flow/page.tsx:2:1)
    at <unknown> (./src/app/reports/cash-flow/page.tsx:4:17)
    at <unknown> (./src/app/reports/cash-flow/page.tsx:4:28)
    at <unknown> (./src/app/reports/daily-report/page.tsx:2:1)
    at <unknown> (./src/app/reports/daily-report/page.tsx:4:27)
    at <unknown> (./src/app/reports/daily-report/page.tsx:4:17)
    at <unknown> (./src/app/reports/detailed-balance-sheet/page.tsx:2:1)
    at <unknown> (./src/app/reports/detailed-balance-sheet/page.tsx:4:17)
    at <unknown> (./src/app/reports/detailed-balance-sheet/page.tsx:4:28)
    at <unknown> (./src/app/reports/employees-advances/page.tsx:2:1)
    at <unknown> (./src/app/reports/employees-advances/page.tsx:9:10)
    at <unknown> (./src/app/reports/employees-advances/page.tsx:9:21)
    at <unknown> (./src/app/reports/employees-deductions/page.tsx:2:1)
    at <unknown> (./src/app/reports/employees-deductions/page.tsx:9:10)
    at <unknown> (./src/app/reports/employees-deductions/page.tsx:9:21)
    at <unknown> (./src/app/reports/fixed-assets/page.tsx:2:1)
    at <unknown> (./src/app/reports/fixed-assets/page.tsx:4:17)
    at <unknown> (./src/app/reports/fixed-assets/page.tsx:4:28)
    at <unknown> (./src/app/reports/general-ledger/page.tsx:2:1)
    at <unknown> (./src/app/reports/general-ledger/page.tsx:4:17)
    at <unknown> (./src/app/reports/general-ledger/page.tsx:4:38)
    at <unknown> (./src/app/reports/general-ledger/page.tsx:4:28)
    at <unknown> (./src/app/reports/income-statement/page.tsx:2:1)
    at <unknown> (./src/app/reports/income-statement/page.tsx:4:27)
    at <unknown> (./src/app/reports/income-statement/page.tsx:4:17)
    at <unknown> (./src/app/reports/payroll-statement/page.tsx:2:1)
    at <unknown> (./src/app/reports/payroll-statement/page.tsx:9:10)
    at <unknown> (./src/app/reports/payroll-statement/page.tsx:9:21)
    at <unknown> (./src/app/reports/purchases-report/page.tsx:2:1)
    at <unknown> (./src/app/reports/purchases-report/page.tsx:9:10)
    at <unknown> (./src/app/reports/purchases-report/page.tsx:9:21)
    at <unknown> (./src/app/reports/returns-report/page.tsx:2:1)
    at <unknown> (./src/app/reports/returns-report/page.tsx:3:17)
    at <unknown> (./src/app/reports/returns-report/page.tsx:3:28)
    at <unknown> (./src/app/reports/sales-report/page.tsx:2:1)
    at <unknown> (./src/app/reports/sales-report/page.tsx:7:10)
    at <unknown> (./src/app/reports/sales-report/page.tsx:7:21)
    at <unknown> (./src/app/reports/trial-balance/page.tsx:2:1)
    at <unknown> (./src/app/reports/trial-balance/page.tsx:4:27)
    at <unknown> (./src/app/reports/trial-balance/page.tsx:4:17)
    at <unknown> (./src/app/suppliers/page.tsx:2:1)
    at <unknown> (./src/app/suppliers/page.tsx:4:27)
    at <unknown> (./src/app/suppliers/page.tsx:4:17)
    at <unknown> (./src/components/AppModal.tsx:1:17)
    at <unknown> (./src/components/AppModal.tsx:1:28)
    at <unknown> (./src/components/ReportHeader.tsx:2:10)
